Math.floor(1.6) Expected: 1.0 Actual: 1.0
Math.floor(1.5) Expected: 1.0 Actual: 1.0
Math.floor(1.4) Expected: 1.0 Actual: 1.0
Math.floor(1.0) Expected: 1.0 Actual: 1.0
Math.floor(-2.0) Expected: -2.0 Actual: -2.0
Math.floor(-1.6) Expected: -2.0 Actual: -2.0
Math.floor(-1.5) Expected: -2.0 Actual: -2.0
Math.floor(-1.4) Expected: -2.0 Actual: -2.0
Math.floor(NaN) Expected: NaN Actual: NaN
Math.floor(-Infinity) Expected: -Infinity Actual: -Infinity
Math.floor(Infinity) Expected: Infinity Actual: Infinity
Math.floor(0.0) Expected: 0.0 Actual: 0.0
Math.floor(0.0) Expected: 0.0 Actual: 0.0
Math.ceil(1.6) Expected: 2.0 Actual: 2.0
Math.ceil(1.5) Expected: 2.0 Actual: 2.0
Math.ceil(1.4) Expected: 2.0 Actual: 2.0
Math.ceil(1.0) Expected: 0.0 Actual: 1.0
Math.ceil(-2.0) Expected: -2.0 Actual: -2.0
Math.ceil(-1.6) Expected: -1.0 Actual: -1.0
Math.ceil(-1.5) Expected: -1.0 Actual: -1.0
Math.ceil(-1.4) Expected: -1.0 Actual: -1.0
Math.ceil(NaN) Expected: NaN Actual: NaN
Math.ceil(-Infinity) Expected: -Infinity Actual: -Infinity
Math.ceil(Infinity) Expected: Infinity Actual: Infinity
Math.ceil(0.0) Expected: 0.0 Actual: 0.0
Math.ceil(0.0) Expected: 0.0 Actual: 0.0
