Wrote object value to field
Wrote value 7 to field
Wrote value true to field
Wrote value B to field
Wrote value 101 to field
Wrote value 2500001 to field
Wrote value 120010007600001 to field
Wrote value 7.0078E100 to field
Wrote value 8.9E7 to field
Wrote value 10 to field
Wrote value 1240 to field
Wrote value 12 to field
Wrote value 32 to field
Wrote object value to field
Wrote value 7 to field
Wrote value true to field
Wrote value B to field
Wrote value 101 to field
Wrote value 2500001 to field
Wrote value 120010007600001 to field
Wrote value 7.0078E100 to field
Wrote value 8.9E7 to field
Wrote value 10 to field
Wrote value 1240 to field
Wrote value 12 to field
Wrote value 32 to field
