Caught NPE when writing Object field
Caught NPE when writing byte field
Caught NPE when writing boolean field
Caught NPE when writing char field
Caught NPE when writing short field
Caught NPE when writing int field
Caught NPE when writing long field
Caught NPE when writing double field
Caught NPE when writing float field
Caught NPE when writing Word field
Caught NPE when writing Address field
Caught NPE when writing Offset field
Caught NPE when writing Extent field
Caught NPE when writing Object field
Caught NPE when writing byte field
Caught NPE when writing boolean field
Caught NPE when writing char field
Caught NPE when writing short field
Caught NPE when writing int field
Caught NPE when writing long field
Caught NPE when writing double field
Caught NPE when writing float field
Caught NPE when writing Word field
Caught NPE when writing Address field
Caught NPE when writing Offset field
Caught NPE when writing Extent field
