Caught NPE when reading Object field
Caught NPE when reading byte field
Caught NPE when reading boolean field
Caught NPE when reading char field
Caught NPE when reading short field
Caught NPE when reading int field
Caught NPE when reading long field
Caught NPE when reading double field
Caught NPE when reading float field
Caught NPE when reading Word field
Caught NPE when reading Address field
Caught NPE when reading Offset field
Caught NPE when reading Extent field
Caught NPE when reading Object field
Caught NPE when reading byte field
Caught NPE when reading boolean field
Caught NPE when reading char field
Caught NPE when reading short field
Caught NPE when reading int field
Caught NPE when reading long field
Caught NPE when reading double field
Caught NPE when reading float field
Caught NPE when reading Word field
Caught NPE when reading Address field
Caught NPE when reading Offset field
Caught NPE when reading Extent field
