Read object value from field
Read value 1 from field
Read value false from field
Read value h from field
Read value 30000 from field
Read value 123456789 from field
Read value 123456789101112 from field
Read value 1.23456789E100 from field
Read value 12300.0 from field
Read value 21 from field
Read value 12345 from field
Read value 3 from field
Read value 7 from field
Read object value from field
Read value 1 from field
Read value false from field
Read value h from field
Read value 30000 from field
Read value 123456789 from field
Read value 123456789101112 from field
Read value 1.23456789E100 from field
Read value 12300.0 from field
Read value 21 from field
Read value 12345 from field
Read value 3 from field
Read value 7 from field
