0	 public static boolean tField.sboolean = true
1	 public static byte tField.sbyte = 127
2	 public static short tField.sshort = 1
3	 public static int tField.sint = 1
4	 public static long tField.slong = 1
5	 public static float tField.sfloat = 1.0
6	 public static double tField.sdouble = 1.0
7	 public boolean tField.mboolean = true
8	 public byte tField.mbyte = 127
9	 public short tField.mshort = 1
10	 public int tField.mint = 1
11	 public long tField.mlong = 1
12	 public float tField.mfloat = 1.0
13	 public double tField.mdouble = 1.0

** Set Booleans to false **

OK:0	 public static boolean tField.sboolean = false
1	 public static byte tField.sbyte 	 java.lang.IllegalArgumentException: field type mismatch: not boolean
2	 public static short tField.sshort 	 java.lang.IllegalArgumentException: field type mismatch: not boolean
3	 public static int tField.sint 	 java.lang.IllegalArgumentException: field type mismatch: not boolean
4	 public static long tField.slong 	 java.lang.IllegalArgumentException: field type mismatch: not boolean
5	 public static float tField.sfloat 	 java.lang.IllegalArgumentException: field type mismatch: not boolean
6	 public static double tField.sdouble 	 java.lang.IllegalArgumentException: field type mismatch: not boolean
OK:7	 public boolean tField.mboolean = false
8	 public byte tField.mbyte 	 java.lang.IllegalArgumentException: field type mismatch: not boolean
9	 public short tField.mshort 	 java.lang.IllegalArgumentException: field type mismatch: not boolean
10	 public int tField.mint 	 java.lang.IllegalArgumentException: field type mismatch: not boolean
11	 public long tField.mlong 	 java.lang.IllegalArgumentException: field type mismatch: not boolean
12	 public float tField.mfloat 	 java.lang.IllegalArgumentException: field type mismatch: not boolean
13	 public double tField.mdouble 	 java.lang.IllegalArgumentException: field type mismatch: not boolean

** Set bytes to 12 **

0	 public static boolean tField.sboolean 	 java.lang.IllegalArgumentException: field type mismatch: not byte
OK:1	 public static byte tField.sbyte = 12
2	 public static short tField.sshort 	 java.lang.IllegalArgumentException: field type mismatch: not byte
3	 public static int tField.sint 	 java.lang.IllegalArgumentException: field type mismatch: not byte
4	 public static long tField.slong 	 java.lang.IllegalArgumentException: field type mismatch: not byte
5	 public static float tField.sfloat 	 java.lang.IllegalArgumentException: field type mismatch: not byte
6	 public static double tField.sdouble 	 java.lang.IllegalArgumentException: field type mismatch: not byte
7	 public boolean tField.mboolean 	 java.lang.IllegalArgumentException: field type mismatch: not byte
OK:8	 public byte tField.mbyte = 12
9	 public short tField.mshort 	 java.lang.IllegalArgumentException: field type mismatch: not byte
10	 public int tField.mint 	 java.lang.IllegalArgumentException: field type mismatch: not byte
11	 public long tField.mlong 	 java.lang.IllegalArgumentException: field type mismatch: not byte
12	 public float tField.mfloat 	 java.lang.IllegalArgumentException: field type mismatch: not byte
13	 public double tField.mdouble 	 java.lang.IllegalArgumentException: field type mismatch: not byte

** Set shorts to 2 **

0	 public static boolean tField.sboolean 	 java.lang.IllegalArgumentException: field type mismatch: not short
1	 public static byte tField.sbyte 	 java.lang.IllegalArgumentException: field type mismatch: not short
OK:2	 public static short tField.sshort = 2
3	 public static int tField.sint 	 java.lang.IllegalArgumentException: field type mismatch: not short
4	 public static long tField.slong 	 java.lang.IllegalArgumentException: field type mismatch: not short
5	 public static float tField.sfloat 	 java.lang.IllegalArgumentException: field type mismatch: not short
6	 public static double tField.sdouble 	 java.lang.IllegalArgumentException: field type mismatch: not short
7	 public boolean tField.mboolean 	 java.lang.IllegalArgumentException: field type mismatch: not short
8	 public byte tField.mbyte 	 java.lang.IllegalArgumentException: field type mismatch: not short
OK:9	 public short tField.mshort = 2
10	 public int tField.mint 	 java.lang.IllegalArgumentException: field type mismatch: not short
11	 public long tField.mlong 	 java.lang.IllegalArgumentException: field type mismatch: not short
12	 public float tField.mfloat 	 java.lang.IllegalArgumentException: field type mismatch: not short
13	 public double tField.mdouble 	 java.lang.IllegalArgumentException: field type mismatch: not short

** Set int to 2 **

0	 public static boolean tField.sboolean 	 java.lang.IllegalArgumentException: field type mismatch: not integer
1	 public static byte tField.sbyte 	 java.lang.IllegalArgumentException: field type mismatch: not integer
2	 public static short tField.sshort 	 java.lang.IllegalArgumentException: field type mismatch: not integer
OK:3	 public static int tField.sint = 2
4	 public static long tField.slong 	 java.lang.IllegalArgumentException: field type mismatch: not integer
5	 public static float tField.sfloat 	 java.lang.IllegalArgumentException: field type mismatch: not integer
6	 public static double tField.sdouble 	 java.lang.IllegalArgumentException: field type mismatch: not integer
7	 public boolean tField.mboolean 	 java.lang.IllegalArgumentException: field type mismatch: not integer
8	 public byte tField.mbyte 	 java.lang.IllegalArgumentException: field type mismatch: not integer
9	 public short tField.mshort 	 java.lang.IllegalArgumentException: field type mismatch: not integer
OK:10	 public int tField.mint = 2
11	 public long tField.mlong 	 java.lang.IllegalArgumentException: field type mismatch: not integer
12	 public float tField.mfloat 	 java.lang.IllegalArgumentException: field type mismatch: not integer
13	 public double tField.mdouble 	 java.lang.IllegalArgumentException: field type mismatch: not integer

** Set long to 2 **

0	 public static boolean tField.sboolean 	 java.lang.IllegalArgumentException: field type mismatch: not long
1	 public static byte tField.sbyte 	 java.lang.IllegalArgumentException: field type mismatch: not long
2	 public static short tField.sshort 	 java.lang.IllegalArgumentException: field type mismatch: not long
3	 public static int tField.sint 	 java.lang.IllegalArgumentException: field type mismatch: not long
OK:4	 public static long tField.slong = 2
5	 public static float tField.sfloat 	 java.lang.IllegalArgumentException: field type mismatch: not long
6	 public static double tField.sdouble 	 java.lang.IllegalArgumentException: field type mismatch: not long
7	 public boolean tField.mboolean 	 java.lang.IllegalArgumentException: field type mismatch: not long
8	 public byte tField.mbyte 	 java.lang.IllegalArgumentException: field type mismatch: not long
9	 public short tField.mshort 	 java.lang.IllegalArgumentException: field type mismatch: not long
10	 public int tField.mint 	 java.lang.IllegalArgumentException: field type mismatch: not long
OK:11	 public long tField.mlong = 2
12	 public float tField.mfloat 	 java.lang.IllegalArgumentException: field type mismatch: not long
13	 public double tField.mdouble 	 java.lang.IllegalArgumentException: field type mismatch: not long

** Set float to 2.0 **

0	 public static boolean tField.sboolean 	 java.lang.IllegalArgumentException: field type mismatch: not float
1	 public static byte tField.sbyte 	 java.lang.IllegalArgumentException: field type mismatch: not float
2	 public static short tField.sshort 	 java.lang.IllegalArgumentException: field type mismatch: not float
3	 public static int tField.sint 	 java.lang.IllegalArgumentException: field type mismatch: not float
4	 public static long tField.slong 	 java.lang.IllegalArgumentException: field type mismatch: not float
OK:5	 public static float tField.sfloat = 2.0
6	 public static double tField.sdouble 	 java.lang.IllegalArgumentException: field type mismatch: not float
7	 public boolean tField.mboolean 	 java.lang.IllegalArgumentException: field type mismatch: not float
8	 public byte tField.mbyte 	 java.lang.IllegalArgumentException: field type mismatch: not float
9	 public short tField.mshort 	 java.lang.IllegalArgumentException: field type mismatch: not float
10	 public int tField.mint 	 java.lang.IllegalArgumentException: field type mismatch: not float
11	 public long tField.mlong 	 java.lang.IllegalArgumentException: field type mismatch: not float
OK:12	 public float tField.mfloat = 2.0
13	 public double tField.mdouble 	 java.lang.IllegalArgumentException: field type mismatch: not float

** Set double to 2.0 **

0	 public static boolean tField.sboolean 	 java.lang.IllegalArgumentException: field type mismatch: not double
1	 public static byte tField.sbyte 	 java.lang.IllegalArgumentException: field type mismatch: not double
2	 public static short tField.sshort 	 java.lang.IllegalArgumentException: field type mismatch: not double
3	 public static int tField.sint 	 java.lang.IllegalArgumentException: field type mismatch: not double
4	 public static long tField.slong 	 java.lang.IllegalArgumentException: field type mismatch: not double
5	 public static float tField.sfloat 	 java.lang.IllegalArgumentException: field type mismatch: not double
OK:6	 public static double tField.sdouble = 2.0
7	 public boolean tField.mboolean 	 java.lang.IllegalArgumentException: field type mismatch: not double
8	 public byte tField.mbyte 	 java.lang.IllegalArgumentException: field type mismatch: not double
9	 public short tField.mshort 	 java.lang.IllegalArgumentException: field type mismatch: not double
10	 public int tField.mint 	 java.lang.IllegalArgumentException: field type mismatch: not double
11	 public long tField.mlong 	 java.lang.IllegalArgumentException: field type mismatch: not double
12	 public float tField.mfloat 	 java.lang.IllegalArgumentException: field type mismatch: not double
OK:13	 public double tField.mdouble = 2.0
0	 public static boolean tField.sboolean = false
1	 public static byte tField.sbyte = 12
2	 public static short tField.sshort = 2
3	 public static int tField.sint = 2
4	 public static long tField.slong = 2
5	 public static float tField.sfloat = 2.0
6	 public static double tField.sdouble = 2.0
7	 public boolean tField.mboolean = false
8	 public byte tField.mbyte = 12
9	 public short tField.mshort = 2
10	 public int tField.mint = 2
11	 public long tField.mlong = 2
12	 public float tField.mfloat = 2.0
13	 public double tField.mdouble = 2.0
