Thread 0 Main: bye
Thread 1 VDU0: creating
Thread 1 VDU0: starting
Thread 1 VDU0: run starting
Thread 1 VDU0: 0 errors found
Thread 1 VDU0: run finishing
Thread 2 VDU1: creating
Thread 2 VDU1: starting
Thread 2 VDU1: run starting
Thread 2 VDU1: 0 errors found
Thread 2 VDU1: run finishing
Thread 3 VDU2: creating
Thread 3 VDU2: starting
Thread 3 VDU2: run starting
Thread 3 VDU2: 0 errors found
Thread 3 VDU2: run finishing
Thread 4 VDU3: creating
Thread 4 VDU3: starting
Thread 4 VDU3: run starting
Thread 4 VDU3: 0 errors found
Thread 4 VDU3: run finishing
Thread 5 VDU4: creating
Thread 5 VDU4: starting
Thread 5 VDU4: run starting
Thread 5 VDU4: 0 errors found
Thread 5 VDU4: run finishing
