Thread 0 Main: bye
Thread 1 V0: creating
Thread 1 V0: starting
Thread 1 V0: run starting
Thread 1 V0: 0 errors found
Thread 1 V0: run finishing
Thread 2 V1: creating
Thread 2 V1: starting
Thread 2 V1: run starting
Thread 2 V1: 0 errors found
Thread 2 V1: run finishing
Thread 3 V2: creating
Thread 3 V2: starting
Thread 3 V2: run starting
Thread 3 V2: 0 errors found
Thread 3 V2: run finishing
Thread 4 V3: creating
Thread 4 V3: starting
Thread 4 V3: run starting
Thread 4 V3: 0 errors found
Thread 4 V3: run finishing
Thread 5 V4: creating
Thread 5 V4: starting
Thread 5 V4: run starting
Thread 5 V4: 0 errors found
Thread 5 V4: run finishing
