Exception in thread "MainThread" java.lang.ArithmeticException
   at test.org.jikesrvm.opttests.bugs.RVM_1129_ArithmeticException.causeArithmeticException(RVM_1129_ArithmeticException.java:27)
   at test.org.jikesrvm.opttests.bugs.RVM_1129_ArithmeticException.main(RVM_1129_ArithmeticException.java:23)
