COM.volano.Test Version 2.1.2
Copyright (C) 1996-1999 Volano LLC.  All rights reserved.
Creating users for room number 1 ...
Creating users for room number 2 ...
Creating users for room number 3 ...
Creating users for room number 4 ...
Creating users for room number 5 ...
Creating users for room number 6 ...
Creating users for room number 7 ...
Creating users for room number 8 ...
Creating users for room number 9 ...
Creating users for room number 10 ...
Running the test ...
Test complete.
VolanoTest version = 2.1.2
