Testing on getFields

** Current value of fields is **

0  public boolean test.org.jikesrvm.basic.core.reflect.TestFieldReflection$TypeWithPublicFields.mboolean = true
1  public byte test.org.jikesrvm.basic.core.reflect.TestFieldReflection$TypeWithPublicFields.mbyte = 127
2  public double test.org.jikesrvm.basic.core.reflect.TestFieldReflection$TypeWithPublicFields.mdouble = 1.0
3  public float test.org.jikesrvm.basic.core.reflect.TestFieldReflection$TypeWithPublicFields.mfloat = 1.0
4  public int test.org.jikesrvm.basic.core.reflect.TestFieldReflection$TypeWithPublicFields.mint = 1
5  public long test.org.jikesrvm.basic.core.reflect.TestFieldReflection$TypeWithPublicFields.mlong = 1
6  public short test.org.jikesrvm.basic.core.reflect.TestFieldReflection$TypeWithPublicFields.mshort = 1
7  public static boolean test.org.jikesrvm.basic.core.reflect.TestFieldReflection$TypeWithPublicFields.sboolean = true
8  public static byte test.org.jikesrvm.basic.core.reflect.TestFieldReflection$TypeWithPublicFields.sbyte = 127
9  public static double test.org.jikesrvm.basic.core.reflect.TestFieldReflection$TypeWithPublicFields.sdouble = 1.0
10  public static float test.org.jikesrvm.basic.core.reflect.TestFieldReflection$TypeWithPublicFields.sfloat = 1.0
11  public static int test.org.jikesrvm.basic.core.reflect.TestFieldReflection$TypeWithPublicFields.sint = 1
12  public static long test.org.jikesrvm.basic.core.reflect.TestFieldReflection$TypeWithPublicFields.slong = 1
13  public static short test.org.jikesrvm.basic.core.reflect.TestFieldReflection$TypeWithPublicFields.sshort = 1

** Set booleans to false **

OK: public boolean test.org.jikesrvm.basic.core.reflect.TestFieldReflection$TypeWithPublicFields.mboolean = false
ERR: public byte test.org.jikesrvm.basic.core.reflect.TestFieldReflection$TypeWithPublicFields.mbyte due to java.lang.IllegalArgumentException
ERR: public double test.org.jikesrvm.basic.core.reflect.TestFieldReflection$TypeWithPublicFields.mdouble due to java.lang.IllegalArgumentException
ERR: public float test.org.jikesrvm.basic.core.reflect.TestFieldReflection$TypeWithPublicFields.mfloat due to java.lang.IllegalArgumentException
ERR: public int test.org.jikesrvm.basic.core.reflect.TestFieldReflection$TypeWithPublicFields.mint due to java.lang.IllegalArgumentException
ERR: public long test.org.jikesrvm.basic.core.reflect.TestFieldReflection$TypeWithPublicFields.mlong due to java.lang.IllegalArgumentException
ERR: public short test.org.jikesrvm.basic.core.reflect.TestFieldReflection$TypeWithPublicFields.mshort due to java.lang.IllegalArgumentException
OK: public static boolean test.org.jikesrvm.basic.core.reflect.TestFieldReflection$TypeWithPublicFields.sboolean = false
ERR: public static byte test.org.jikesrvm.basic.core.reflect.TestFieldReflection$TypeWithPublicFields.sbyte due to java.lang.IllegalArgumentException
ERR: public static double test.org.jikesrvm.basic.core.reflect.TestFieldReflection$TypeWithPublicFields.sdouble due to java.lang.IllegalArgumentException
ERR: public static float test.org.jikesrvm.basic.core.reflect.TestFieldReflection$TypeWithPublicFields.sfloat due to java.lang.IllegalArgumentException
ERR: public static int test.org.jikesrvm.basic.core.reflect.TestFieldReflection$TypeWithPublicFields.sint due to java.lang.IllegalArgumentException
ERR: public static long test.org.jikesrvm.basic.core.reflect.TestFieldReflection$TypeWithPublicFields.slong due to java.lang.IllegalArgumentException
ERR: public static short test.org.jikesrvm.basic.core.reflect.TestFieldReflection$TypeWithPublicFields.sshort due to java.lang.IllegalArgumentException

** Current value of fields is **

0  public boolean test.org.jikesrvm.basic.core.reflect.TestFieldReflection$TypeWithPublicFields.mboolean = false
1  public byte test.org.jikesrvm.basic.core.reflect.TestFieldReflection$TypeWithPublicFields.mbyte = 127
2  public double test.org.jikesrvm.basic.core.reflect.TestFieldReflection$TypeWithPublicFields.mdouble = 1.0
3  public float test.org.jikesrvm.basic.core.reflect.TestFieldReflection$TypeWithPublicFields.mfloat = 1.0
4  public int test.org.jikesrvm.basic.core.reflect.TestFieldReflection$TypeWithPublicFields.mint = 1
5  public long test.org.jikesrvm.basic.core.reflect.TestFieldReflection$TypeWithPublicFields.mlong = 1
6  public short test.org.jikesrvm.basic.core.reflect.TestFieldReflection$TypeWithPublicFields.mshort = 1
7  public static boolean test.org.jikesrvm.basic.core.reflect.TestFieldReflection$TypeWithPublicFields.sboolean = false
8  public static byte test.org.jikesrvm.basic.core.reflect.TestFieldReflection$TypeWithPublicFields.sbyte = 127
9  public static double test.org.jikesrvm.basic.core.reflect.TestFieldReflection$TypeWithPublicFields.sdouble = 1.0
10  public static float test.org.jikesrvm.basic.core.reflect.TestFieldReflection$TypeWithPublicFields.sfloat = 1.0
11  public static int test.org.jikesrvm.basic.core.reflect.TestFieldReflection$TypeWithPublicFields.sint = 1
12  public static long test.org.jikesrvm.basic.core.reflect.TestFieldReflection$TypeWithPublicFields.slong = 1
13  public static short test.org.jikesrvm.basic.core.reflect.TestFieldReflection$TypeWithPublicFields.sshort = 1

** Set bytes to 12 **

ERR: public boolean test.org.jikesrvm.basic.core.reflect.TestFieldReflection$TypeWithPublicFields.mboolean due to java.lang.IllegalArgumentException
OK: public byte test.org.jikesrvm.basic.core.reflect.TestFieldReflection$TypeWithPublicFields.mbyte = 12
OK: public double test.org.jikesrvm.basic.core.reflect.TestFieldReflection$TypeWithPublicFields.mdouble = 12.0
OK: public float test.org.jikesrvm.basic.core.reflect.TestFieldReflection$TypeWithPublicFields.mfloat = 12.0
OK: public int test.org.jikesrvm.basic.core.reflect.TestFieldReflection$TypeWithPublicFields.mint = 12
OK: public long test.org.jikesrvm.basic.core.reflect.TestFieldReflection$TypeWithPublicFields.mlong = 12
OK: public short test.org.jikesrvm.basic.core.reflect.TestFieldReflection$TypeWithPublicFields.mshort = 12
ERR: public static boolean test.org.jikesrvm.basic.core.reflect.TestFieldReflection$TypeWithPublicFields.sboolean due to java.lang.IllegalArgumentException
OK: public static byte test.org.jikesrvm.basic.core.reflect.TestFieldReflection$TypeWithPublicFields.sbyte = 12
OK: public static double test.org.jikesrvm.basic.core.reflect.TestFieldReflection$TypeWithPublicFields.sdouble = 12.0
OK: public static float test.org.jikesrvm.basic.core.reflect.TestFieldReflection$TypeWithPublicFields.sfloat = 12.0
OK: public static int test.org.jikesrvm.basic.core.reflect.TestFieldReflection$TypeWithPublicFields.sint = 12
OK: public static long test.org.jikesrvm.basic.core.reflect.TestFieldReflection$TypeWithPublicFields.slong = 12
OK: public static short test.org.jikesrvm.basic.core.reflect.TestFieldReflection$TypeWithPublicFields.sshort = 12

** Current value of fields is **

0  public boolean test.org.jikesrvm.basic.core.reflect.TestFieldReflection$TypeWithPublicFields.mboolean = false
1  public byte test.org.jikesrvm.basic.core.reflect.TestFieldReflection$TypeWithPublicFields.mbyte = 12
2  public double test.org.jikesrvm.basic.core.reflect.TestFieldReflection$TypeWithPublicFields.mdouble = 12.0
3  public float test.org.jikesrvm.basic.core.reflect.TestFieldReflection$TypeWithPublicFields.mfloat = 12.0
4  public int test.org.jikesrvm.basic.core.reflect.TestFieldReflection$TypeWithPublicFields.mint = 12
5  public long test.org.jikesrvm.basic.core.reflect.TestFieldReflection$TypeWithPublicFields.mlong = 12
6  public short test.org.jikesrvm.basic.core.reflect.TestFieldReflection$TypeWithPublicFields.mshort = 12
7  public static boolean test.org.jikesrvm.basic.core.reflect.TestFieldReflection$TypeWithPublicFields.sboolean = false
8  public static byte test.org.jikesrvm.basic.core.reflect.TestFieldReflection$TypeWithPublicFields.sbyte = 12
9  public static double test.org.jikesrvm.basic.core.reflect.TestFieldReflection$TypeWithPublicFields.sdouble = 12.0
10  public static float test.org.jikesrvm.basic.core.reflect.TestFieldReflection$TypeWithPublicFields.sfloat = 12.0
11  public static int test.org.jikesrvm.basic.core.reflect.TestFieldReflection$TypeWithPublicFields.sint = 12
12  public static long test.org.jikesrvm.basic.core.reflect.TestFieldReflection$TypeWithPublicFields.slong = 12
13  public static short test.org.jikesrvm.basic.core.reflect.TestFieldReflection$TypeWithPublicFields.sshort = 12

** Set shorts to 2 **

ERR: public boolean test.org.jikesrvm.basic.core.reflect.TestFieldReflection$TypeWithPublicFields.mboolean due to java.lang.IllegalArgumentException
ERR: public byte test.org.jikesrvm.basic.core.reflect.TestFieldReflection$TypeWithPublicFields.mbyte due to java.lang.IllegalArgumentException
OK: public double test.org.jikesrvm.basic.core.reflect.TestFieldReflection$TypeWithPublicFields.mdouble = 2.0
OK: public float test.org.jikesrvm.basic.core.reflect.TestFieldReflection$TypeWithPublicFields.mfloat = 2.0
OK: public int test.org.jikesrvm.basic.core.reflect.TestFieldReflection$TypeWithPublicFields.mint = 2
OK: public long test.org.jikesrvm.basic.core.reflect.TestFieldReflection$TypeWithPublicFields.mlong = 2
OK: public short test.org.jikesrvm.basic.core.reflect.TestFieldReflection$TypeWithPublicFields.mshort = 2
ERR: public static boolean test.org.jikesrvm.basic.core.reflect.TestFieldReflection$TypeWithPublicFields.sboolean due to java.lang.IllegalArgumentException
ERR: public static byte test.org.jikesrvm.basic.core.reflect.TestFieldReflection$TypeWithPublicFields.sbyte due to java.lang.IllegalArgumentException
OK: public static double test.org.jikesrvm.basic.core.reflect.TestFieldReflection$TypeWithPublicFields.sdouble = 2.0
OK: public static float test.org.jikesrvm.basic.core.reflect.TestFieldReflection$TypeWithPublicFields.sfloat = 2.0
OK: public static int test.org.jikesrvm.basic.core.reflect.TestFieldReflection$TypeWithPublicFields.sint = 2
OK: public static long test.org.jikesrvm.basic.core.reflect.TestFieldReflection$TypeWithPublicFields.slong = 2
OK: public static short test.org.jikesrvm.basic.core.reflect.TestFieldReflection$TypeWithPublicFields.sshort = 2

** Current value of fields is **

0  public boolean test.org.jikesrvm.basic.core.reflect.TestFieldReflection$TypeWithPublicFields.mboolean = false
1  public byte test.org.jikesrvm.basic.core.reflect.TestFieldReflection$TypeWithPublicFields.mbyte = 12
2  public double test.org.jikesrvm.basic.core.reflect.TestFieldReflection$TypeWithPublicFields.mdouble = 2.0
3  public float test.org.jikesrvm.basic.core.reflect.TestFieldReflection$TypeWithPublicFields.mfloat = 2.0
4  public int test.org.jikesrvm.basic.core.reflect.TestFieldReflection$TypeWithPublicFields.mint = 2
5  public long test.org.jikesrvm.basic.core.reflect.TestFieldReflection$TypeWithPublicFields.mlong = 2
6  public short test.org.jikesrvm.basic.core.reflect.TestFieldReflection$TypeWithPublicFields.mshort = 2
7  public static boolean test.org.jikesrvm.basic.core.reflect.TestFieldReflection$TypeWithPublicFields.sboolean = false
8  public static byte test.org.jikesrvm.basic.core.reflect.TestFieldReflection$TypeWithPublicFields.sbyte = 12
9  public static double test.org.jikesrvm.basic.core.reflect.TestFieldReflection$TypeWithPublicFields.sdouble = 2.0
10  public static float test.org.jikesrvm.basic.core.reflect.TestFieldReflection$TypeWithPublicFields.sfloat = 2.0
11  public static int test.org.jikesrvm.basic.core.reflect.TestFieldReflection$TypeWithPublicFields.sint = 2
12  public static long test.org.jikesrvm.basic.core.reflect.TestFieldReflection$TypeWithPublicFields.slong = 2
13  public static short test.org.jikesrvm.basic.core.reflect.TestFieldReflection$TypeWithPublicFields.sshort = 2

** Set ints to 3 **

ERR: public boolean test.org.jikesrvm.basic.core.reflect.TestFieldReflection$TypeWithPublicFields.mboolean due to java.lang.IllegalArgumentException
ERR: public byte test.org.jikesrvm.basic.core.reflect.TestFieldReflection$TypeWithPublicFields.mbyte due to java.lang.IllegalArgumentException
OK: public double test.org.jikesrvm.basic.core.reflect.TestFieldReflection$TypeWithPublicFields.mdouble = 3.0
OK: public float test.org.jikesrvm.basic.core.reflect.TestFieldReflection$TypeWithPublicFields.mfloat = 3.0
OK: public int test.org.jikesrvm.basic.core.reflect.TestFieldReflection$TypeWithPublicFields.mint = 3
OK: public long test.org.jikesrvm.basic.core.reflect.TestFieldReflection$TypeWithPublicFields.mlong = 3
ERR: public short test.org.jikesrvm.basic.core.reflect.TestFieldReflection$TypeWithPublicFields.mshort due to java.lang.IllegalArgumentException
ERR: public static boolean test.org.jikesrvm.basic.core.reflect.TestFieldReflection$TypeWithPublicFields.sboolean due to java.lang.IllegalArgumentException
ERR: public static byte test.org.jikesrvm.basic.core.reflect.TestFieldReflection$TypeWithPublicFields.sbyte due to java.lang.IllegalArgumentException
OK: public static double test.org.jikesrvm.basic.core.reflect.TestFieldReflection$TypeWithPublicFields.sdouble = 3.0
OK: public static float test.org.jikesrvm.basic.core.reflect.TestFieldReflection$TypeWithPublicFields.sfloat = 3.0
OK: public static int test.org.jikesrvm.basic.core.reflect.TestFieldReflection$TypeWithPublicFields.sint = 3
OK: public static long test.org.jikesrvm.basic.core.reflect.TestFieldReflection$TypeWithPublicFields.slong = 3
ERR: public static short test.org.jikesrvm.basic.core.reflect.TestFieldReflection$TypeWithPublicFields.sshort due to java.lang.IllegalArgumentException

** Current value of fields is **

0  public boolean test.org.jikesrvm.basic.core.reflect.TestFieldReflection$TypeWithPublicFields.mboolean = false
1  public byte test.org.jikesrvm.basic.core.reflect.TestFieldReflection$TypeWithPublicFields.mbyte = 12
2  public double test.org.jikesrvm.basic.core.reflect.TestFieldReflection$TypeWithPublicFields.mdouble = 3.0
3  public float test.org.jikesrvm.basic.core.reflect.TestFieldReflection$TypeWithPublicFields.mfloat = 3.0
4  public int test.org.jikesrvm.basic.core.reflect.TestFieldReflection$TypeWithPublicFields.mint = 3
5  public long test.org.jikesrvm.basic.core.reflect.TestFieldReflection$TypeWithPublicFields.mlong = 3
6  public short test.org.jikesrvm.basic.core.reflect.TestFieldReflection$TypeWithPublicFields.mshort = 2
7  public static boolean test.org.jikesrvm.basic.core.reflect.TestFieldReflection$TypeWithPublicFields.sboolean = false
8  public static byte test.org.jikesrvm.basic.core.reflect.TestFieldReflection$TypeWithPublicFields.sbyte = 12
9  public static double test.org.jikesrvm.basic.core.reflect.TestFieldReflection$TypeWithPublicFields.sdouble = 3.0
10  public static float test.org.jikesrvm.basic.core.reflect.TestFieldReflection$TypeWithPublicFields.sfloat = 3.0
11  public static int test.org.jikesrvm.basic.core.reflect.TestFieldReflection$TypeWithPublicFields.sint = 3
12  public static long test.org.jikesrvm.basic.core.reflect.TestFieldReflection$TypeWithPublicFields.slong = 3
13  public static short test.org.jikesrvm.basic.core.reflect.TestFieldReflection$TypeWithPublicFields.sshort = 2

** Set longs to 4 **

ERR: public boolean test.org.jikesrvm.basic.core.reflect.TestFieldReflection$TypeWithPublicFields.mboolean due to java.lang.IllegalArgumentException
ERR: public byte test.org.jikesrvm.basic.core.reflect.TestFieldReflection$TypeWithPublicFields.mbyte due to java.lang.IllegalArgumentException
OK: public double test.org.jikesrvm.basic.core.reflect.TestFieldReflection$TypeWithPublicFields.mdouble = 4.0
OK: public float test.org.jikesrvm.basic.core.reflect.TestFieldReflection$TypeWithPublicFields.mfloat = 4.0
ERR: public int test.org.jikesrvm.basic.core.reflect.TestFieldReflection$TypeWithPublicFields.mint due to java.lang.IllegalArgumentException
OK: public long test.org.jikesrvm.basic.core.reflect.TestFieldReflection$TypeWithPublicFields.mlong = 4
ERR: public short test.org.jikesrvm.basic.core.reflect.TestFieldReflection$TypeWithPublicFields.mshort due to java.lang.IllegalArgumentException
ERR: public static boolean test.org.jikesrvm.basic.core.reflect.TestFieldReflection$TypeWithPublicFields.sboolean due to java.lang.IllegalArgumentException
ERR: public static byte test.org.jikesrvm.basic.core.reflect.TestFieldReflection$TypeWithPublicFields.sbyte due to java.lang.IllegalArgumentException
OK: public static double test.org.jikesrvm.basic.core.reflect.TestFieldReflection$TypeWithPublicFields.sdouble = 4.0
OK: public static float test.org.jikesrvm.basic.core.reflect.TestFieldReflection$TypeWithPublicFields.sfloat = 4.0
ERR: public static int test.org.jikesrvm.basic.core.reflect.TestFieldReflection$TypeWithPublicFields.sint due to java.lang.IllegalArgumentException
OK: public static long test.org.jikesrvm.basic.core.reflect.TestFieldReflection$TypeWithPublicFields.slong = 4
ERR: public static short test.org.jikesrvm.basic.core.reflect.TestFieldReflection$TypeWithPublicFields.sshort due to java.lang.IllegalArgumentException

** Current value of fields is **

0  public boolean test.org.jikesrvm.basic.core.reflect.TestFieldReflection$TypeWithPublicFields.mboolean = false
1  public byte test.org.jikesrvm.basic.core.reflect.TestFieldReflection$TypeWithPublicFields.mbyte = 12
2  public double test.org.jikesrvm.basic.core.reflect.TestFieldReflection$TypeWithPublicFields.mdouble = 4.0
3  public float test.org.jikesrvm.basic.core.reflect.TestFieldReflection$TypeWithPublicFields.mfloat = 4.0
4  public int test.org.jikesrvm.basic.core.reflect.TestFieldReflection$TypeWithPublicFields.mint = 3
5  public long test.org.jikesrvm.basic.core.reflect.TestFieldReflection$TypeWithPublicFields.mlong = 4
6  public short test.org.jikesrvm.basic.core.reflect.TestFieldReflection$TypeWithPublicFields.mshort = 2
7  public static boolean test.org.jikesrvm.basic.core.reflect.TestFieldReflection$TypeWithPublicFields.sboolean = false
8  public static byte test.org.jikesrvm.basic.core.reflect.TestFieldReflection$TypeWithPublicFields.sbyte = 12
9  public static double test.org.jikesrvm.basic.core.reflect.TestFieldReflection$TypeWithPublicFields.sdouble = 4.0
10  public static float test.org.jikesrvm.basic.core.reflect.TestFieldReflection$TypeWithPublicFields.sfloat = 4.0
11  public static int test.org.jikesrvm.basic.core.reflect.TestFieldReflection$TypeWithPublicFields.sint = 3
12  public static long test.org.jikesrvm.basic.core.reflect.TestFieldReflection$TypeWithPublicFields.slong = 4
13  public static short test.org.jikesrvm.basic.core.reflect.TestFieldReflection$TypeWithPublicFields.sshort = 2

** Set floats to 5 **

ERR: public boolean test.org.jikesrvm.basic.core.reflect.TestFieldReflection$TypeWithPublicFields.mboolean due to java.lang.IllegalArgumentException
ERR: public byte test.org.jikesrvm.basic.core.reflect.TestFieldReflection$TypeWithPublicFields.mbyte due to java.lang.IllegalArgumentException
OK: public double test.org.jikesrvm.basic.core.reflect.TestFieldReflection$TypeWithPublicFields.mdouble = 5.0
OK: public float test.org.jikesrvm.basic.core.reflect.TestFieldReflection$TypeWithPublicFields.mfloat = 5.0
ERR: public int test.org.jikesrvm.basic.core.reflect.TestFieldReflection$TypeWithPublicFields.mint due to java.lang.IllegalArgumentException
ERR: public long test.org.jikesrvm.basic.core.reflect.TestFieldReflection$TypeWithPublicFields.mlong due to java.lang.IllegalArgumentException
ERR: public short test.org.jikesrvm.basic.core.reflect.TestFieldReflection$TypeWithPublicFields.mshort due to java.lang.IllegalArgumentException
ERR: public static boolean test.org.jikesrvm.basic.core.reflect.TestFieldReflection$TypeWithPublicFields.sboolean due to java.lang.IllegalArgumentException
ERR: public static byte test.org.jikesrvm.basic.core.reflect.TestFieldReflection$TypeWithPublicFields.sbyte due to java.lang.IllegalArgumentException
OK: public static double test.org.jikesrvm.basic.core.reflect.TestFieldReflection$TypeWithPublicFields.sdouble = 5.0
OK: public static float test.org.jikesrvm.basic.core.reflect.TestFieldReflection$TypeWithPublicFields.sfloat = 5.0
ERR: public static int test.org.jikesrvm.basic.core.reflect.TestFieldReflection$TypeWithPublicFields.sint due to java.lang.IllegalArgumentException
ERR: public static long test.org.jikesrvm.basic.core.reflect.TestFieldReflection$TypeWithPublicFields.slong due to java.lang.IllegalArgumentException
ERR: public static short test.org.jikesrvm.basic.core.reflect.TestFieldReflection$TypeWithPublicFields.sshort due to java.lang.IllegalArgumentException

** Current value of fields is **

0  public boolean test.org.jikesrvm.basic.core.reflect.TestFieldReflection$TypeWithPublicFields.mboolean = false
1  public byte test.org.jikesrvm.basic.core.reflect.TestFieldReflection$TypeWithPublicFields.mbyte = 12
2  public double test.org.jikesrvm.basic.core.reflect.TestFieldReflection$TypeWithPublicFields.mdouble = 5.0
3  public float test.org.jikesrvm.basic.core.reflect.TestFieldReflection$TypeWithPublicFields.mfloat = 5.0
4  public int test.org.jikesrvm.basic.core.reflect.TestFieldReflection$TypeWithPublicFields.mint = 3
5  public long test.org.jikesrvm.basic.core.reflect.TestFieldReflection$TypeWithPublicFields.mlong = 4
6  public short test.org.jikesrvm.basic.core.reflect.TestFieldReflection$TypeWithPublicFields.mshort = 2
7  public static boolean test.org.jikesrvm.basic.core.reflect.TestFieldReflection$TypeWithPublicFields.sboolean = false
8  public static byte test.org.jikesrvm.basic.core.reflect.TestFieldReflection$TypeWithPublicFields.sbyte = 12
9  public static double test.org.jikesrvm.basic.core.reflect.TestFieldReflection$TypeWithPublicFields.sdouble = 5.0
10  public static float test.org.jikesrvm.basic.core.reflect.TestFieldReflection$TypeWithPublicFields.sfloat = 5.0
11  public static int test.org.jikesrvm.basic.core.reflect.TestFieldReflection$TypeWithPublicFields.sint = 3
12  public static long test.org.jikesrvm.basic.core.reflect.TestFieldReflection$TypeWithPublicFields.slong = 4
13  public static short test.org.jikesrvm.basic.core.reflect.TestFieldReflection$TypeWithPublicFields.sshort = 2

** Set doubles to 6.0 **

ERR: public boolean test.org.jikesrvm.basic.core.reflect.TestFieldReflection$TypeWithPublicFields.mboolean due to java.lang.IllegalArgumentException
ERR: public byte test.org.jikesrvm.basic.core.reflect.TestFieldReflection$TypeWithPublicFields.mbyte due to java.lang.IllegalArgumentException
OK: public double test.org.jikesrvm.basic.core.reflect.TestFieldReflection$TypeWithPublicFields.mdouble = 6.0
ERR: public float test.org.jikesrvm.basic.core.reflect.TestFieldReflection$TypeWithPublicFields.mfloat due to java.lang.IllegalArgumentException
ERR: public int test.org.jikesrvm.basic.core.reflect.TestFieldReflection$TypeWithPublicFields.mint due to java.lang.IllegalArgumentException
ERR: public long test.org.jikesrvm.basic.core.reflect.TestFieldReflection$TypeWithPublicFields.mlong due to java.lang.IllegalArgumentException
ERR: public short test.org.jikesrvm.basic.core.reflect.TestFieldReflection$TypeWithPublicFields.mshort due to java.lang.IllegalArgumentException
ERR: public static boolean test.org.jikesrvm.basic.core.reflect.TestFieldReflection$TypeWithPublicFields.sboolean due to java.lang.IllegalArgumentException
ERR: public static byte test.org.jikesrvm.basic.core.reflect.TestFieldReflection$TypeWithPublicFields.sbyte due to java.lang.IllegalArgumentException
OK: public static double test.org.jikesrvm.basic.core.reflect.TestFieldReflection$TypeWithPublicFields.sdouble = 6.0
ERR: public static float test.org.jikesrvm.basic.core.reflect.TestFieldReflection$TypeWithPublicFields.sfloat due to java.lang.IllegalArgumentException
ERR: public static int test.org.jikesrvm.basic.core.reflect.TestFieldReflection$TypeWithPublicFields.sint due to java.lang.IllegalArgumentException
ERR: public static long test.org.jikesrvm.basic.core.reflect.TestFieldReflection$TypeWithPublicFields.slong due to java.lang.IllegalArgumentException
ERR: public static short test.org.jikesrvm.basic.core.reflect.TestFieldReflection$TypeWithPublicFields.sshort due to java.lang.IllegalArgumentException

** Current value of fields is **

0  public boolean test.org.jikesrvm.basic.core.reflect.TestFieldReflection$TypeWithPublicFields.mboolean = false
1  public byte test.org.jikesrvm.basic.core.reflect.TestFieldReflection$TypeWithPublicFields.mbyte = 12
2  public double test.org.jikesrvm.basic.core.reflect.TestFieldReflection$TypeWithPublicFields.mdouble = 6.0
3  public float test.org.jikesrvm.basic.core.reflect.TestFieldReflection$TypeWithPublicFields.mfloat = 5.0
4  public int test.org.jikesrvm.basic.core.reflect.TestFieldReflection$TypeWithPublicFields.mint = 3
5  public long test.org.jikesrvm.basic.core.reflect.TestFieldReflection$TypeWithPublicFields.mlong = 4
6  public short test.org.jikesrvm.basic.core.reflect.TestFieldReflection$TypeWithPublicFields.mshort = 2
7  public static boolean test.org.jikesrvm.basic.core.reflect.TestFieldReflection$TypeWithPublicFields.sboolean = false
8  public static byte test.org.jikesrvm.basic.core.reflect.TestFieldReflection$TypeWithPublicFields.sbyte = 12
9  public static double test.org.jikesrvm.basic.core.reflect.TestFieldReflection$TypeWithPublicFields.sdouble = 6.0
10  public static float test.org.jikesrvm.basic.core.reflect.TestFieldReflection$TypeWithPublicFields.sfloat = 5.0
11  public static int test.org.jikesrvm.basic.core.reflect.TestFieldReflection$TypeWithPublicFields.sint = 3
12  public static long test.org.jikesrvm.basic.core.reflect.TestFieldReflection$TypeWithPublicFields.slong = 4
13  public static short test.org.jikesrvm.basic.core.reflect.TestFieldReflection$TypeWithPublicFields.sshort = 2
Testing on getDeclaredFields()

** Current value of fields is **

0  public boolean test.org.jikesrvm.basic.core.reflect.TestFieldReflection$TypeWithPublicFields.mboolean = true
1  public byte test.org.jikesrvm.basic.core.reflect.TestFieldReflection$TypeWithPublicFields.mbyte = 127
2  public double test.org.jikesrvm.basic.core.reflect.TestFieldReflection$TypeWithPublicFields.mdouble = 1.0
3  public float test.org.jikesrvm.basic.core.reflect.TestFieldReflection$TypeWithPublicFields.mfloat = 1.0
4  public int test.org.jikesrvm.basic.core.reflect.TestFieldReflection$TypeWithPublicFields.mint = 1
5  public long test.org.jikesrvm.basic.core.reflect.TestFieldReflection$TypeWithPublicFields.mlong = 1
6  public short test.org.jikesrvm.basic.core.reflect.TestFieldReflection$TypeWithPublicFields.mshort = 1
7  public static boolean test.org.jikesrvm.basic.core.reflect.TestFieldReflection$TypeWithPublicFields.sboolean = false
8  public static byte test.org.jikesrvm.basic.core.reflect.TestFieldReflection$TypeWithPublicFields.sbyte = 12
9  public static double test.org.jikesrvm.basic.core.reflect.TestFieldReflection$TypeWithPublicFields.sdouble = 6.0
10  public static float test.org.jikesrvm.basic.core.reflect.TestFieldReflection$TypeWithPublicFields.sfloat = 5.0
11  public static int test.org.jikesrvm.basic.core.reflect.TestFieldReflection$TypeWithPublicFields.sint = 3
12  public static long test.org.jikesrvm.basic.core.reflect.TestFieldReflection$TypeWithPublicFields.slong = 4
13  public static short test.org.jikesrvm.basic.core.reflect.TestFieldReflection$TypeWithPublicFields.sshort = 2

** Set booleans to false **

OK: public boolean test.org.jikesrvm.basic.core.reflect.TestFieldReflection$TypeWithPublicFields.mboolean = false
ERR: public byte test.org.jikesrvm.basic.core.reflect.TestFieldReflection$TypeWithPublicFields.mbyte due to java.lang.IllegalArgumentException
ERR: public double test.org.jikesrvm.basic.core.reflect.TestFieldReflection$TypeWithPublicFields.mdouble due to java.lang.IllegalArgumentException
ERR: public float test.org.jikesrvm.basic.core.reflect.TestFieldReflection$TypeWithPublicFields.mfloat due to java.lang.IllegalArgumentException
ERR: public int test.org.jikesrvm.basic.core.reflect.TestFieldReflection$TypeWithPublicFields.mint due to java.lang.IllegalArgumentException
ERR: public long test.org.jikesrvm.basic.core.reflect.TestFieldReflection$TypeWithPublicFields.mlong due to java.lang.IllegalArgumentException
ERR: public short test.org.jikesrvm.basic.core.reflect.TestFieldReflection$TypeWithPublicFields.mshort due to java.lang.IllegalArgumentException
OK: public static boolean test.org.jikesrvm.basic.core.reflect.TestFieldReflection$TypeWithPublicFields.sboolean = false
ERR: public static byte test.org.jikesrvm.basic.core.reflect.TestFieldReflection$TypeWithPublicFields.sbyte due to java.lang.IllegalArgumentException
ERR: public static double test.org.jikesrvm.basic.core.reflect.TestFieldReflection$TypeWithPublicFields.sdouble due to java.lang.IllegalArgumentException
ERR: public static float test.org.jikesrvm.basic.core.reflect.TestFieldReflection$TypeWithPublicFields.sfloat due to java.lang.IllegalArgumentException
ERR: public static int test.org.jikesrvm.basic.core.reflect.TestFieldReflection$TypeWithPublicFields.sint due to java.lang.IllegalArgumentException
ERR: public static long test.org.jikesrvm.basic.core.reflect.TestFieldReflection$TypeWithPublicFields.slong due to java.lang.IllegalArgumentException
ERR: public static short test.org.jikesrvm.basic.core.reflect.TestFieldReflection$TypeWithPublicFields.sshort due to java.lang.IllegalArgumentException

** Current value of fields is **

0  public boolean test.org.jikesrvm.basic.core.reflect.TestFieldReflection$TypeWithPublicFields.mboolean = false
1  public byte test.org.jikesrvm.basic.core.reflect.TestFieldReflection$TypeWithPublicFields.mbyte = 127
2  public double test.org.jikesrvm.basic.core.reflect.TestFieldReflection$TypeWithPublicFields.mdouble = 1.0
3  public float test.org.jikesrvm.basic.core.reflect.TestFieldReflection$TypeWithPublicFields.mfloat = 1.0
4  public int test.org.jikesrvm.basic.core.reflect.TestFieldReflection$TypeWithPublicFields.mint = 1
5  public long test.org.jikesrvm.basic.core.reflect.TestFieldReflection$TypeWithPublicFields.mlong = 1
6  public short test.org.jikesrvm.basic.core.reflect.TestFieldReflection$TypeWithPublicFields.mshort = 1
7  public static boolean test.org.jikesrvm.basic.core.reflect.TestFieldReflection$TypeWithPublicFields.sboolean = false
8  public static byte test.org.jikesrvm.basic.core.reflect.TestFieldReflection$TypeWithPublicFields.sbyte = 12
9  public static double test.org.jikesrvm.basic.core.reflect.TestFieldReflection$TypeWithPublicFields.sdouble = 6.0
10  public static float test.org.jikesrvm.basic.core.reflect.TestFieldReflection$TypeWithPublicFields.sfloat = 5.0
11  public static int test.org.jikesrvm.basic.core.reflect.TestFieldReflection$TypeWithPublicFields.sint = 3
12  public static long test.org.jikesrvm.basic.core.reflect.TestFieldReflection$TypeWithPublicFields.slong = 4
13  public static short test.org.jikesrvm.basic.core.reflect.TestFieldReflection$TypeWithPublicFields.sshort = 2

** Set bytes to 12 **

ERR: public boolean test.org.jikesrvm.basic.core.reflect.TestFieldReflection$TypeWithPublicFields.mboolean due to java.lang.IllegalArgumentException
OK: public byte test.org.jikesrvm.basic.core.reflect.TestFieldReflection$TypeWithPublicFields.mbyte = 12
OK: public double test.org.jikesrvm.basic.core.reflect.TestFieldReflection$TypeWithPublicFields.mdouble = 12.0
OK: public float test.org.jikesrvm.basic.core.reflect.TestFieldReflection$TypeWithPublicFields.mfloat = 12.0
OK: public int test.org.jikesrvm.basic.core.reflect.TestFieldReflection$TypeWithPublicFields.mint = 12
OK: public long test.org.jikesrvm.basic.core.reflect.TestFieldReflection$TypeWithPublicFields.mlong = 12
OK: public short test.org.jikesrvm.basic.core.reflect.TestFieldReflection$TypeWithPublicFields.mshort = 12
ERR: public static boolean test.org.jikesrvm.basic.core.reflect.TestFieldReflection$TypeWithPublicFields.sboolean due to java.lang.IllegalArgumentException
OK: public static byte test.org.jikesrvm.basic.core.reflect.TestFieldReflection$TypeWithPublicFields.sbyte = 12
OK: public static double test.org.jikesrvm.basic.core.reflect.TestFieldReflection$TypeWithPublicFields.sdouble = 12.0
OK: public static float test.org.jikesrvm.basic.core.reflect.TestFieldReflection$TypeWithPublicFields.sfloat = 12.0
OK: public static int test.org.jikesrvm.basic.core.reflect.TestFieldReflection$TypeWithPublicFields.sint = 12
OK: public static long test.org.jikesrvm.basic.core.reflect.TestFieldReflection$TypeWithPublicFields.slong = 12
OK: public static short test.org.jikesrvm.basic.core.reflect.TestFieldReflection$TypeWithPublicFields.sshort = 12

** Current value of fields is **

0  public boolean test.org.jikesrvm.basic.core.reflect.TestFieldReflection$TypeWithPublicFields.mboolean = false
1  public byte test.org.jikesrvm.basic.core.reflect.TestFieldReflection$TypeWithPublicFields.mbyte = 12
2  public double test.org.jikesrvm.basic.core.reflect.TestFieldReflection$TypeWithPublicFields.mdouble = 12.0
3  public float test.org.jikesrvm.basic.core.reflect.TestFieldReflection$TypeWithPublicFields.mfloat = 12.0
4  public int test.org.jikesrvm.basic.core.reflect.TestFieldReflection$TypeWithPublicFields.mint = 12
5  public long test.org.jikesrvm.basic.core.reflect.TestFieldReflection$TypeWithPublicFields.mlong = 12
6  public short test.org.jikesrvm.basic.core.reflect.TestFieldReflection$TypeWithPublicFields.mshort = 12
7  public static boolean test.org.jikesrvm.basic.core.reflect.TestFieldReflection$TypeWithPublicFields.sboolean = false
8  public static byte test.org.jikesrvm.basic.core.reflect.TestFieldReflection$TypeWithPublicFields.sbyte = 12
9  public static double test.org.jikesrvm.basic.core.reflect.TestFieldReflection$TypeWithPublicFields.sdouble = 12.0
10  public static float test.org.jikesrvm.basic.core.reflect.TestFieldReflection$TypeWithPublicFields.sfloat = 12.0
11  public static int test.org.jikesrvm.basic.core.reflect.TestFieldReflection$TypeWithPublicFields.sint = 12
12  public static long test.org.jikesrvm.basic.core.reflect.TestFieldReflection$TypeWithPublicFields.slong = 12
13  public static short test.org.jikesrvm.basic.core.reflect.TestFieldReflection$TypeWithPublicFields.sshort = 12

** Set shorts to 2 **

ERR: public boolean test.org.jikesrvm.basic.core.reflect.TestFieldReflection$TypeWithPublicFields.mboolean due to java.lang.IllegalArgumentException
ERR: public byte test.org.jikesrvm.basic.core.reflect.TestFieldReflection$TypeWithPublicFields.mbyte due to java.lang.IllegalArgumentException
OK: public double test.org.jikesrvm.basic.core.reflect.TestFieldReflection$TypeWithPublicFields.mdouble = 2.0
OK: public float test.org.jikesrvm.basic.core.reflect.TestFieldReflection$TypeWithPublicFields.mfloat = 2.0
OK: public int test.org.jikesrvm.basic.core.reflect.TestFieldReflection$TypeWithPublicFields.mint = 2
OK: public long test.org.jikesrvm.basic.core.reflect.TestFieldReflection$TypeWithPublicFields.mlong = 2
OK: public short test.org.jikesrvm.basic.core.reflect.TestFieldReflection$TypeWithPublicFields.mshort = 2
ERR: public static boolean test.org.jikesrvm.basic.core.reflect.TestFieldReflection$TypeWithPublicFields.sboolean due to java.lang.IllegalArgumentException
ERR: public static byte test.org.jikesrvm.basic.core.reflect.TestFieldReflection$TypeWithPublicFields.sbyte due to java.lang.IllegalArgumentException
OK: public static double test.org.jikesrvm.basic.core.reflect.TestFieldReflection$TypeWithPublicFields.sdouble = 2.0
OK: public static float test.org.jikesrvm.basic.core.reflect.TestFieldReflection$TypeWithPublicFields.sfloat = 2.0
OK: public static int test.org.jikesrvm.basic.core.reflect.TestFieldReflection$TypeWithPublicFields.sint = 2
OK: public static long test.org.jikesrvm.basic.core.reflect.TestFieldReflection$TypeWithPublicFields.slong = 2
OK: public static short test.org.jikesrvm.basic.core.reflect.TestFieldReflection$TypeWithPublicFields.sshort = 2

** Current value of fields is **

0  public boolean test.org.jikesrvm.basic.core.reflect.TestFieldReflection$TypeWithPublicFields.mboolean = false
1  public byte test.org.jikesrvm.basic.core.reflect.TestFieldReflection$TypeWithPublicFields.mbyte = 12
2  public double test.org.jikesrvm.basic.core.reflect.TestFieldReflection$TypeWithPublicFields.mdouble = 2.0
3  public float test.org.jikesrvm.basic.core.reflect.TestFieldReflection$TypeWithPublicFields.mfloat = 2.0
4  public int test.org.jikesrvm.basic.core.reflect.TestFieldReflection$TypeWithPublicFields.mint = 2
5  public long test.org.jikesrvm.basic.core.reflect.TestFieldReflection$TypeWithPublicFields.mlong = 2
6  public short test.org.jikesrvm.basic.core.reflect.TestFieldReflection$TypeWithPublicFields.mshort = 2
7  public static boolean test.org.jikesrvm.basic.core.reflect.TestFieldReflection$TypeWithPublicFields.sboolean = false
8  public static byte test.org.jikesrvm.basic.core.reflect.TestFieldReflection$TypeWithPublicFields.sbyte = 12
9  public static double test.org.jikesrvm.basic.core.reflect.TestFieldReflection$TypeWithPublicFields.sdouble = 2.0
10  public static float test.org.jikesrvm.basic.core.reflect.TestFieldReflection$TypeWithPublicFields.sfloat = 2.0
11  public static int test.org.jikesrvm.basic.core.reflect.TestFieldReflection$TypeWithPublicFields.sint = 2
12  public static long test.org.jikesrvm.basic.core.reflect.TestFieldReflection$TypeWithPublicFields.slong = 2
13  public static short test.org.jikesrvm.basic.core.reflect.TestFieldReflection$TypeWithPublicFields.sshort = 2

** Set ints to 3 **

ERR: public boolean test.org.jikesrvm.basic.core.reflect.TestFieldReflection$TypeWithPublicFields.mboolean due to java.lang.IllegalArgumentException
ERR: public byte test.org.jikesrvm.basic.core.reflect.TestFieldReflection$TypeWithPublicFields.mbyte due to java.lang.IllegalArgumentException
OK: public double test.org.jikesrvm.basic.core.reflect.TestFieldReflection$TypeWithPublicFields.mdouble = 3.0
OK: public float test.org.jikesrvm.basic.core.reflect.TestFieldReflection$TypeWithPublicFields.mfloat = 3.0
OK: public int test.org.jikesrvm.basic.core.reflect.TestFieldReflection$TypeWithPublicFields.mint = 3
OK: public long test.org.jikesrvm.basic.core.reflect.TestFieldReflection$TypeWithPublicFields.mlong = 3
ERR: public short test.org.jikesrvm.basic.core.reflect.TestFieldReflection$TypeWithPublicFields.mshort due to java.lang.IllegalArgumentException
ERR: public static boolean test.org.jikesrvm.basic.core.reflect.TestFieldReflection$TypeWithPublicFields.sboolean due to java.lang.IllegalArgumentException
ERR: public static byte test.org.jikesrvm.basic.core.reflect.TestFieldReflection$TypeWithPublicFields.sbyte due to java.lang.IllegalArgumentException
OK: public static double test.org.jikesrvm.basic.core.reflect.TestFieldReflection$TypeWithPublicFields.sdouble = 3.0
OK: public static float test.org.jikesrvm.basic.core.reflect.TestFieldReflection$TypeWithPublicFields.sfloat = 3.0
OK: public static int test.org.jikesrvm.basic.core.reflect.TestFieldReflection$TypeWithPublicFields.sint = 3
OK: public static long test.org.jikesrvm.basic.core.reflect.TestFieldReflection$TypeWithPublicFields.slong = 3
ERR: public static short test.org.jikesrvm.basic.core.reflect.TestFieldReflection$TypeWithPublicFields.sshort due to java.lang.IllegalArgumentException

** Current value of fields is **

0  public boolean test.org.jikesrvm.basic.core.reflect.TestFieldReflection$TypeWithPublicFields.mboolean = false
1  public byte test.org.jikesrvm.basic.core.reflect.TestFieldReflection$TypeWithPublicFields.mbyte = 12
2  public double test.org.jikesrvm.basic.core.reflect.TestFieldReflection$TypeWithPublicFields.mdouble = 3.0
3  public float test.org.jikesrvm.basic.core.reflect.TestFieldReflection$TypeWithPublicFields.mfloat = 3.0
4  public int test.org.jikesrvm.basic.core.reflect.TestFieldReflection$TypeWithPublicFields.mint = 3
5  public long test.org.jikesrvm.basic.core.reflect.TestFieldReflection$TypeWithPublicFields.mlong = 3
6  public short test.org.jikesrvm.basic.core.reflect.TestFieldReflection$TypeWithPublicFields.mshort = 2
7  public static boolean test.org.jikesrvm.basic.core.reflect.TestFieldReflection$TypeWithPublicFields.sboolean = false
8  public static byte test.org.jikesrvm.basic.core.reflect.TestFieldReflection$TypeWithPublicFields.sbyte = 12
9  public static double test.org.jikesrvm.basic.core.reflect.TestFieldReflection$TypeWithPublicFields.sdouble = 3.0
10  public static float test.org.jikesrvm.basic.core.reflect.TestFieldReflection$TypeWithPublicFields.sfloat = 3.0
11  public static int test.org.jikesrvm.basic.core.reflect.TestFieldReflection$TypeWithPublicFields.sint = 3
12  public static long test.org.jikesrvm.basic.core.reflect.TestFieldReflection$TypeWithPublicFields.slong = 3
13  public static short test.org.jikesrvm.basic.core.reflect.TestFieldReflection$TypeWithPublicFields.sshort = 2

** Set longs to 4 **

ERR: public boolean test.org.jikesrvm.basic.core.reflect.TestFieldReflection$TypeWithPublicFields.mboolean due to java.lang.IllegalArgumentException
ERR: public byte test.org.jikesrvm.basic.core.reflect.TestFieldReflection$TypeWithPublicFields.mbyte due to java.lang.IllegalArgumentException
OK: public double test.org.jikesrvm.basic.core.reflect.TestFieldReflection$TypeWithPublicFields.mdouble = 4.0
OK: public float test.org.jikesrvm.basic.core.reflect.TestFieldReflection$TypeWithPublicFields.mfloat = 4.0
ERR: public int test.org.jikesrvm.basic.core.reflect.TestFieldReflection$TypeWithPublicFields.mint due to java.lang.IllegalArgumentException
OK: public long test.org.jikesrvm.basic.core.reflect.TestFieldReflection$TypeWithPublicFields.mlong = 4
ERR: public short test.org.jikesrvm.basic.core.reflect.TestFieldReflection$TypeWithPublicFields.mshort due to java.lang.IllegalArgumentException
ERR: public static boolean test.org.jikesrvm.basic.core.reflect.TestFieldReflection$TypeWithPublicFields.sboolean due to java.lang.IllegalArgumentException
ERR: public static byte test.org.jikesrvm.basic.core.reflect.TestFieldReflection$TypeWithPublicFields.sbyte due to java.lang.IllegalArgumentException
OK: public static double test.org.jikesrvm.basic.core.reflect.TestFieldReflection$TypeWithPublicFields.sdouble = 4.0
OK: public static float test.org.jikesrvm.basic.core.reflect.TestFieldReflection$TypeWithPublicFields.sfloat = 4.0
ERR: public static int test.org.jikesrvm.basic.core.reflect.TestFieldReflection$TypeWithPublicFields.sint due to java.lang.IllegalArgumentException
OK: public static long test.org.jikesrvm.basic.core.reflect.TestFieldReflection$TypeWithPublicFields.slong = 4
ERR: public static short test.org.jikesrvm.basic.core.reflect.TestFieldReflection$TypeWithPublicFields.sshort due to java.lang.IllegalArgumentException

** Current value of fields is **

0  public boolean test.org.jikesrvm.basic.core.reflect.TestFieldReflection$TypeWithPublicFields.mboolean = false
1  public byte test.org.jikesrvm.basic.core.reflect.TestFieldReflection$TypeWithPublicFields.mbyte = 12
2  public double test.org.jikesrvm.basic.core.reflect.TestFieldReflection$TypeWithPublicFields.mdouble = 4.0
3  public float test.org.jikesrvm.basic.core.reflect.TestFieldReflection$TypeWithPublicFields.mfloat = 4.0
4  public int test.org.jikesrvm.basic.core.reflect.TestFieldReflection$TypeWithPublicFields.mint = 3
5  public long test.org.jikesrvm.basic.core.reflect.TestFieldReflection$TypeWithPublicFields.mlong = 4
6  public short test.org.jikesrvm.basic.core.reflect.TestFieldReflection$TypeWithPublicFields.mshort = 2
7  public static boolean test.org.jikesrvm.basic.core.reflect.TestFieldReflection$TypeWithPublicFields.sboolean = false
8  public static byte test.org.jikesrvm.basic.core.reflect.TestFieldReflection$TypeWithPublicFields.sbyte = 12
9  public static double test.org.jikesrvm.basic.core.reflect.TestFieldReflection$TypeWithPublicFields.sdouble = 4.0
10  public static float test.org.jikesrvm.basic.core.reflect.TestFieldReflection$TypeWithPublicFields.sfloat = 4.0
11  public static int test.org.jikesrvm.basic.core.reflect.TestFieldReflection$TypeWithPublicFields.sint = 3
12  public static long test.org.jikesrvm.basic.core.reflect.TestFieldReflection$TypeWithPublicFields.slong = 4
13  public static short test.org.jikesrvm.basic.core.reflect.TestFieldReflection$TypeWithPublicFields.sshort = 2

** Set floats to 5 **

ERR: public boolean test.org.jikesrvm.basic.core.reflect.TestFieldReflection$TypeWithPublicFields.mboolean due to java.lang.IllegalArgumentException
ERR: public byte test.org.jikesrvm.basic.core.reflect.TestFieldReflection$TypeWithPublicFields.mbyte due to java.lang.IllegalArgumentException
OK: public double test.org.jikesrvm.basic.core.reflect.TestFieldReflection$TypeWithPublicFields.mdouble = 5.0
OK: public float test.org.jikesrvm.basic.core.reflect.TestFieldReflection$TypeWithPublicFields.mfloat = 5.0
ERR: public int test.org.jikesrvm.basic.core.reflect.TestFieldReflection$TypeWithPublicFields.mint due to java.lang.IllegalArgumentException
ERR: public long test.org.jikesrvm.basic.core.reflect.TestFieldReflection$TypeWithPublicFields.mlong due to java.lang.IllegalArgumentException
ERR: public short test.org.jikesrvm.basic.core.reflect.TestFieldReflection$TypeWithPublicFields.mshort due to java.lang.IllegalArgumentException
ERR: public static boolean test.org.jikesrvm.basic.core.reflect.TestFieldReflection$TypeWithPublicFields.sboolean due to java.lang.IllegalArgumentException
ERR: public static byte test.org.jikesrvm.basic.core.reflect.TestFieldReflection$TypeWithPublicFields.sbyte due to java.lang.IllegalArgumentException
OK: public static double test.org.jikesrvm.basic.core.reflect.TestFieldReflection$TypeWithPublicFields.sdouble = 5.0
OK: public static float test.org.jikesrvm.basic.core.reflect.TestFieldReflection$TypeWithPublicFields.sfloat = 5.0
ERR: public static int test.org.jikesrvm.basic.core.reflect.TestFieldReflection$TypeWithPublicFields.sint due to java.lang.IllegalArgumentException
ERR: public static long test.org.jikesrvm.basic.core.reflect.TestFieldReflection$TypeWithPublicFields.slong due to java.lang.IllegalArgumentException
ERR: public static short test.org.jikesrvm.basic.core.reflect.TestFieldReflection$TypeWithPublicFields.sshort due to java.lang.IllegalArgumentException

** Current value of fields is **

0  public boolean test.org.jikesrvm.basic.core.reflect.TestFieldReflection$TypeWithPublicFields.mboolean = false
1  public byte test.org.jikesrvm.basic.core.reflect.TestFieldReflection$TypeWithPublicFields.mbyte = 12
2  public double test.org.jikesrvm.basic.core.reflect.TestFieldReflection$TypeWithPublicFields.mdouble = 5.0
3  public float test.org.jikesrvm.basic.core.reflect.TestFieldReflection$TypeWithPublicFields.mfloat = 5.0
4  public int test.org.jikesrvm.basic.core.reflect.TestFieldReflection$TypeWithPublicFields.mint = 3
5  public long test.org.jikesrvm.basic.core.reflect.TestFieldReflection$TypeWithPublicFields.mlong = 4
6  public short test.org.jikesrvm.basic.core.reflect.TestFieldReflection$TypeWithPublicFields.mshort = 2
7  public static boolean test.org.jikesrvm.basic.core.reflect.TestFieldReflection$TypeWithPublicFields.sboolean = false
8  public static byte test.org.jikesrvm.basic.core.reflect.TestFieldReflection$TypeWithPublicFields.sbyte = 12
9  public static double test.org.jikesrvm.basic.core.reflect.TestFieldReflection$TypeWithPublicFields.sdouble = 5.0
10  public static float test.org.jikesrvm.basic.core.reflect.TestFieldReflection$TypeWithPublicFields.sfloat = 5.0
11  public static int test.org.jikesrvm.basic.core.reflect.TestFieldReflection$TypeWithPublicFields.sint = 3
12  public static long test.org.jikesrvm.basic.core.reflect.TestFieldReflection$TypeWithPublicFields.slong = 4
13  public static short test.org.jikesrvm.basic.core.reflect.TestFieldReflection$TypeWithPublicFields.sshort = 2

** Set doubles to 6.0 **

ERR: public boolean test.org.jikesrvm.basic.core.reflect.TestFieldReflection$TypeWithPublicFields.mboolean due to java.lang.IllegalArgumentException
ERR: public byte test.org.jikesrvm.basic.core.reflect.TestFieldReflection$TypeWithPublicFields.mbyte due to java.lang.IllegalArgumentException
OK: public double test.org.jikesrvm.basic.core.reflect.TestFieldReflection$TypeWithPublicFields.mdouble = 6.0
ERR: public float test.org.jikesrvm.basic.core.reflect.TestFieldReflection$TypeWithPublicFields.mfloat due to java.lang.IllegalArgumentException
ERR: public int test.org.jikesrvm.basic.core.reflect.TestFieldReflection$TypeWithPublicFields.mint due to java.lang.IllegalArgumentException
ERR: public long test.org.jikesrvm.basic.core.reflect.TestFieldReflection$TypeWithPublicFields.mlong due to java.lang.IllegalArgumentException
ERR: public short test.org.jikesrvm.basic.core.reflect.TestFieldReflection$TypeWithPublicFields.mshort due to java.lang.IllegalArgumentException
ERR: public static boolean test.org.jikesrvm.basic.core.reflect.TestFieldReflection$TypeWithPublicFields.sboolean due to java.lang.IllegalArgumentException
ERR: public static byte test.org.jikesrvm.basic.core.reflect.TestFieldReflection$TypeWithPublicFields.sbyte due to java.lang.IllegalArgumentException
OK: public static double test.org.jikesrvm.basic.core.reflect.TestFieldReflection$TypeWithPublicFields.sdouble = 6.0
ERR: public static float test.org.jikesrvm.basic.core.reflect.TestFieldReflection$TypeWithPublicFields.sfloat due to java.lang.IllegalArgumentException
ERR: public static int test.org.jikesrvm.basic.core.reflect.TestFieldReflection$TypeWithPublicFields.sint due to java.lang.IllegalArgumentException
ERR: public static long test.org.jikesrvm.basic.core.reflect.TestFieldReflection$TypeWithPublicFields.slong due to java.lang.IllegalArgumentException
ERR: public static short test.org.jikesrvm.basic.core.reflect.TestFieldReflection$TypeWithPublicFields.sshort due to java.lang.IllegalArgumentException

** Current value of fields is **

0  public boolean test.org.jikesrvm.basic.core.reflect.TestFieldReflection$TypeWithPublicFields.mboolean = false
1  public byte test.org.jikesrvm.basic.core.reflect.TestFieldReflection$TypeWithPublicFields.mbyte = 12
2  public double test.org.jikesrvm.basic.core.reflect.TestFieldReflection$TypeWithPublicFields.mdouble = 6.0
3  public float test.org.jikesrvm.basic.core.reflect.TestFieldReflection$TypeWithPublicFields.mfloat = 5.0
4  public int test.org.jikesrvm.basic.core.reflect.TestFieldReflection$TypeWithPublicFields.mint = 3
5  public long test.org.jikesrvm.basic.core.reflect.TestFieldReflection$TypeWithPublicFields.mlong = 4
6  public short test.org.jikesrvm.basic.core.reflect.TestFieldReflection$TypeWithPublicFields.mshort = 2
7  public static boolean test.org.jikesrvm.basic.core.reflect.TestFieldReflection$TypeWithPublicFields.sboolean = false
8  public static byte test.org.jikesrvm.basic.core.reflect.TestFieldReflection$TypeWithPublicFields.sbyte = 12
9  public static double test.org.jikesrvm.basic.core.reflect.TestFieldReflection$TypeWithPublicFields.sdouble = 6.0
10  public static float test.org.jikesrvm.basic.core.reflect.TestFieldReflection$TypeWithPublicFields.sfloat = 5.0
11  public static int test.org.jikesrvm.basic.core.reflect.TestFieldReflection$TypeWithPublicFields.sint = 3
12  public static long test.org.jikesrvm.basic.core.reflect.TestFieldReflection$TypeWithPublicFields.slong = 4
13  public static short test.org.jikesrvm.basic.core.reflect.TestFieldReflection$TypeWithPublicFields.sshort = 2
Testing on getFields

** Current value of fields is **

0  public int test.org.jikesrvm.basic.core.reflect.TestFieldReflection$TypeWithDifferentAccessModifiers.mint = 1
1  public static boolean test.org.jikesrvm.basic.core.reflect.TestFieldReflection$TypeWithDifferentAccessModifiers.sboolean = true
2  public static long test.org.jikesrvm.basic.core.reflect.TestFieldReflection$TypeWithDifferentAccessModifiers.slong = 1

** Set booleans to false **

ERR: public int test.org.jikesrvm.basic.core.reflect.TestFieldReflection$TypeWithDifferentAccessModifiers.mint due to java.lang.IllegalArgumentException
OK: public static boolean test.org.jikesrvm.basic.core.reflect.TestFieldReflection$TypeWithDifferentAccessModifiers.sboolean = false
ERR: public static long test.org.jikesrvm.basic.core.reflect.TestFieldReflection$TypeWithDifferentAccessModifiers.slong due to java.lang.IllegalArgumentException

** Current value of fields is **

0  public int test.org.jikesrvm.basic.core.reflect.TestFieldReflection$TypeWithDifferentAccessModifiers.mint = 1
1  public static boolean test.org.jikesrvm.basic.core.reflect.TestFieldReflection$TypeWithDifferentAccessModifiers.sboolean = false
2  public static long test.org.jikesrvm.basic.core.reflect.TestFieldReflection$TypeWithDifferentAccessModifiers.slong = 1

** Set bytes to 12 **

OK: public int test.org.jikesrvm.basic.core.reflect.TestFieldReflection$TypeWithDifferentAccessModifiers.mint = 12
ERR: public static boolean test.org.jikesrvm.basic.core.reflect.TestFieldReflection$TypeWithDifferentAccessModifiers.sboolean due to java.lang.IllegalArgumentException
OK: public static long test.org.jikesrvm.basic.core.reflect.TestFieldReflection$TypeWithDifferentAccessModifiers.slong = 12

** Current value of fields is **

0  public int test.org.jikesrvm.basic.core.reflect.TestFieldReflection$TypeWithDifferentAccessModifiers.mint = 12
1  public static boolean test.org.jikesrvm.basic.core.reflect.TestFieldReflection$TypeWithDifferentAccessModifiers.sboolean = false
2  public static long test.org.jikesrvm.basic.core.reflect.TestFieldReflection$TypeWithDifferentAccessModifiers.slong = 12

** Set shorts to 2 **

OK: public int test.org.jikesrvm.basic.core.reflect.TestFieldReflection$TypeWithDifferentAccessModifiers.mint = 2
ERR: public static boolean test.org.jikesrvm.basic.core.reflect.TestFieldReflection$TypeWithDifferentAccessModifiers.sboolean due to java.lang.IllegalArgumentException
OK: public static long test.org.jikesrvm.basic.core.reflect.TestFieldReflection$TypeWithDifferentAccessModifiers.slong = 2

** Current value of fields is **

0  public int test.org.jikesrvm.basic.core.reflect.TestFieldReflection$TypeWithDifferentAccessModifiers.mint = 2
1  public static boolean test.org.jikesrvm.basic.core.reflect.TestFieldReflection$TypeWithDifferentAccessModifiers.sboolean = false
2  public static long test.org.jikesrvm.basic.core.reflect.TestFieldReflection$TypeWithDifferentAccessModifiers.slong = 2

** Set ints to 3 **

OK: public int test.org.jikesrvm.basic.core.reflect.TestFieldReflection$TypeWithDifferentAccessModifiers.mint = 3
ERR: public static boolean test.org.jikesrvm.basic.core.reflect.TestFieldReflection$TypeWithDifferentAccessModifiers.sboolean due to java.lang.IllegalArgumentException
OK: public static long test.org.jikesrvm.basic.core.reflect.TestFieldReflection$TypeWithDifferentAccessModifiers.slong = 3

** Current value of fields is **

0  public int test.org.jikesrvm.basic.core.reflect.TestFieldReflection$TypeWithDifferentAccessModifiers.mint = 3
1  public static boolean test.org.jikesrvm.basic.core.reflect.TestFieldReflection$TypeWithDifferentAccessModifiers.sboolean = false
2  public static long test.org.jikesrvm.basic.core.reflect.TestFieldReflection$TypeWithDifferentAccessModifiers.slong = 3

** Set longs to 4 **

ERR: public int test.org.jikesrvm.basic.core.reflect.TestFieldReflection$TypeWithDifferentAccessModifiers.mint due to java.lang.IllegalArgumentException
ERR: public static boolean test.org.jikesrvm.basic.core.reflect.TestFieldReflection$TypeWithDifferentAccessModifiers.sboolean due to java.lang.IllegalArgumentException
OK: public static long test.org.jikesrvm.basic.core.reflect.TestFieldReflection$TypeWithDifferentAccessModifiers.slong = 4

** Current value of fields is **

0  public int test.org.jikesrvm.basic.core.reflect.TestFieldReflection$TypeWithDifferentAccessModifiers.mint = 3
1  public static boolean test.org.jikesrvm.basic.core.reflect.TestFieldReflection$TypeWithDifferentAccessModifiers.sboolean = false
2  public static long test.org.jikesrvm.basic.core.reflect.TestFieldReflection$TypeWithDifferentAccessModifiers.slong = 4

** Set floats to 5 **

ERR: public int test.org.jikesrvm.basic.core.reflect.TestFieldReflection$TypeWithDifferentAccessModifiers.mint due to java.lang.IllegalArgumentException
ERR: public static boolean test.org.jikesrvm.basic.core.reflect.TestFieldReflection$TypeWithDifferentAccessModifiers.sboolean due to java.lang.IllegalArgumentException
ERR: public static long test.org.jikesrvm.basic.core.reflect.TestFieldReflection$TypeWithDifferentAccessModifiers.slong due to java.lang.IllegalArgumentException

** Current value of fields is **

0  public int test.org.jikesrvm.basic.core.reflect.TestFieldReflection$TypeWithDifferentAccessModifiers.mint = 3
1  public static boolean test.org.jikesrvm.basic.core.reflect.TestFieldReflection$TypeWithDifferentAccessModifiers.sboolean = false
2  public static long test.org.jikesrvm.basic.core.reflect.TestFieldReflection$TypeWithDifferentAccessModifiers.slong = 4

** Set doubles to 6.0 **

ERR: public int test.org.jikesrvm.basic.core.reflect.TestFieldReflection$TypeWithDifferentAccessModifiers.mint due to java.lang.IllegalArgumentException
ERR: public static boolean test.org.jikesrvm.basic.core.reflect.TestFieldReflection$TypeWithDifferentAccessModifiers.sboolean due to java.lang.IllegalArgumentException
ERR: public static long test.org.jikesrvm.basic.core.reflect.TestFieldReflection$TypeWithDifferentAccessModifiers.slong due to java.lang.IllegalArgumentException

** Current value of fields is **

0  public int test.org.jikesrvm.basic.core.reflect.TestFieldReflection$TypeWithDifferentAccessModifiers.mint = 3
1  public static boolean test.org.jikesrvm.basic.core.reflect.TestFieldReflection$TypeWithDifferentAccessModifiers.sboolean = false
2  public static long test.org.jikesrvm.basic.core.reflect.TestFieldReflection$TypeWithDifferentAccessModifiers.slong = 4
Testing on getDeclaredFields()

** Current value of fields is **

0  byte test.org.jikesrvm.basic.core.reflect.TestFieldReflection$TypeWithDifferentAccessModifiers.mbyte = 127
1  float test.org.jikesrvm.basic.core.reflect.TestFieldReflection$TypeWithDifferentAccessModifiers.mfloat = 1.0
2  private boolean test.org.jikesrvm.basic.core.reflect.TestFieldReflection$TypeWithDifferentAccessModifiers.mboolean = <unknown> IllegalAccessException when getting field.
3  private double test.org.jikesrvm.basic.core.reflect.TestFieldReflection$TypeWithDifferentAccessModifiers.mdouble = <unknown> IllegalAccessException when getting field.
4  private static int test.org.jikesrvm.basic.core.reflect.TestFieldReflection$TypeWithDifferentAccessModifiers.sint = <unknown> IllegalAccessException when getting field.
5  protected long test.org.jikesrvm.basic.core.reflect.TestFieldReflection$TypeWithDifferentAccessModifiers.mlong = 1
6  protected short test.org.jikesrvm.basic.core.reflect.TestFieldReflection$TypeWithDifferentAccessModifiers.mshort = 1
7  protected static byte test.org.jikesrvm.basic.core.reflect.TestFieldReflection$TypeWithDifferentAccessModifiers.sbyte = 127
8  protected static float test.org.jikesrvm.basic.core.reflect.TestFieldReflection$TypeWithDifferentAccessModifiers.sfloat = 1.0
9  public int test.org.jikesrvm.basic.core.reflect.TestFieldReflection$TypeWithDifferentAccessModifiers.mint = 1
10  public static boolean test.org.jikesrvm.basic.core.reflect.TestFieldReflection$TypeWithDifferentAccessModifiers.sboolean = false
11  public static long test.org.jikesrvm.basic.core.reflect.TestFieldReflection$TypeWithDifferentAccessModifiers.slong = 4
12  static double test.org.jikesrvm.basic.core.reflect.TestFieldReflection$TypeWithDifferentAccessModifiers.sdouble = 1.0
13  static short test.org.jikesrvm.basic.core.reflect.TestFieldReflection$TypeWithDifferentAccessModifiers.sshort = 1

** Set booleans to false **

ERR: byte test.org.jikesrvm.basic.core.reflect.TestFieldReflection$TypeWithDifferentAccessModifiers.mbyte due to java.lang.IllegalArgumentException
ERR: float test.org.jikesrvm.basic.core.reflect.TestFieldReflection$TypeWithDifferentAccessModifiers.mfloat due to java.lang.IllegalArgumentException
ERR: private boolean test.org.jikesrvm.basic.core.reflect.TestFieldReflection$TypeWithDifferentAccessModifiers.mboolean due to java.lang.IllegalAccessException
ERR: private double test.org.jikesrvm.basic.core.reflect.TestFieldReflection$TypeWithDifferentAccessModifiers.mdouble due to java.lang.IllegalAccessException
ERR: private static int test.org.jikesrvm.basic.core.reflect.TestFieldReflection$TypeWithDifferentAccessModifiers.sint due to java.lang.IllegalAccessException
ERR: protected long test.org.jikesrvm.basic.core.reflect.TestFieldReflection$TypeWithDifferentAccessModifiers.mlong due to java.lang.IllegalArgumentException
ERR: protected short test.org.jikesrvm.basic.core.reflect.TestFieldReflection$TypeWithDifferentAccessModifiers.mshort due to java.lang.IllegalArgumentException
ERR: protected static byte test.org.jikesrvm.basic.core.reflect.TestFieldReflection$TypeWithDifferentAccessModifiers.sbyte due to java.lang.IllegalArgumentException
ERR: protected static float test.org.jikesrvm.basic.core.reflect.TestFieldReflection$TypeWithDifferentAccessModifiers.sfloat due to java.lang.IllegalArgumentException
ERR: public int test.org.jikesrvm.basic.core.reflect.TestFieldReflection$TypeWithDifferentAccessModifiers.mint due to java.lang.IllegalArgumentException
OK: public static boolean test.org.jikesrvm.basic.core.reflect.TestFieldReflection$TypeWithDifferentAccessModifiers.sboolean = false
ERR: public static long test.org.jikesrvm.basic.core.reflect.TestFieldReflection$TypeWithDifferentAccessModifiers.slong due to java.lang.IllegalArgumentException
ERR: static double test.org.jikesrvm.basic.core.reflect.TestFieldReflection$TypeWithDifferentAccessModifiers.sdouble due to java.lang.IllegalArgumentException
ERR: static short test.org.jikesrvm.basic.core.reflect.TestFieldReflection$TypeWithDifferentAccessModifiers.sshort due to java.lang.IllegalArgumentException

** Current value of fields is **

0  byte test.org.jikesrvm.basic.core.reflect.TestFieldReflection$TypeWithDifferentAccessModifiers.mbyte = 127
1  float test.org.jikesrvm.basic.core.reflect.TestFieldReflection$TypeWithDifferentAccessModifiers.mfloat = 1.0
2  private boolean test.org.jikesrvm.basic.core.reflect.TestFieldReflection$TypeWithDifferentAccessModifiers.mboolean = <unknown> IllegalAccessException when getting field.
3  private double test.org.jikesrvm.basic.core.reflect.TestFieldReflection$TypeWithDifferentAccessModifiers.mdouble = <unknown> IllegalAccessException when getting field.
4  private static int test.org.jikesrvm.basic.core.reflect.TestFieldReflection$TypeWithDifferentAccessModifiers.sint = <unknown> IllegalAccessException when getting field.
5  protected long test.org.jikesrvm.basic.core.reflect.TestFieldReflection$TypeWithDifferentAccessModifiers.mlong = 1
6  protected short test.org.jikesrvm.basic.core.reflect.TestFieldReflection$TypeWithDifferentAccessModifiers.mshort = 1
7  protected static byte test.org.jikesrvm.basic.core.reflect.TestFieldReflection$TypeWithDifferentAccessModifiers.sbyte = 127
8  protected static float test.org.jikesrvm.basic.core.reflect.TestFieldReflection$TypeWithDifferentAccessModifiers.sfloat = 1.0
9  public int test.org.jikesrvm.basic.core.reflect.TestFieldReflection$TypeWithDifferentAccessModifiers.mint = 1
10  public static boolean test.org.jikesrvm.basic.core.reflect.TestFieldReflection$TypeWithDifferentAccessModifiers.sboolean = false
11  public static long test.org.jikesrvm.basic.core.reflect.TestFieldReflection$TypeWithDifferentAccessModifiers.slong = 4
12  static double test.org.jikesrvm.basic.core.reflect.TestFieldReflection$TypeWithDifferentAccessModifiers.sdouble = 1.0
13  static short test.org.jikesrvm.basic.core.reflect.TestFieldReflection$TypeWithDifferentAccessModifiers.sshort = 1

** Set bytes to 12 **

OK: byte test.org.jikesrvm.basic.core.reflect.TestFieldReflection$TypeWithDifferentAccessModifiers.mbyte = 12
OK: float test.org.jikesrvm.basic.core.reflect.TestFieldReflection$TypeWithDifferentAccessModifiers.mfloat = 12.0
ERR: private boolean test.org.jikesrvm.basic.core.reflect.TestFieldReflection$TypeWithDifferentAccessModifiers.mboolean due to java.lang.IllegalAccessException
ERR: private double test.org.jikesrvm.basic.core.reflect.TestFieldReflection$TypeWithDifferentAccessModifiers.mdouble due to java.lang.IllegalAccessException
ERR: private static int test.org.jikesrvm.basic.core.reflect.TestFieldReflection$TypeWithDifferentAccessModifiers.sint due to java.lang.IllegalAccessException
OK: protected long test.org.jikesrvm.basic.core.reflect.TestFieldReflection$TypeWithDifferentAccessModifiers.mlong = 12
OK: protected short test.org.jikesrvm.basic.core.reflect.TestFieldReflection$TypeWithDifferentAccessModifiers.mshort = 12
OK: protected static byte test.org.jikesrvm.basic.core.reflect.TestFieldReflection$TypeWithDifferentAccessModifiers.sbyte = 12
OK: protected static float test.org.jikesrvm.basic.core.reflect.TestFieldReflection$TypeWithDifferentAccessModifiers.sfloat = 12.0
OK: public int test.org.jikesrvm.basic.core.reflect.TestFieldReflection$TypeWithDifferentAccessModifiers.mint = 12
ERR: public static boolean test.org.jikesrvm.basic.core.reflect.TestFieldReflection$TypeWithDifferentAccessModifiers.sboolean due to java.lang.IllegalArgumentException
OK: public static long test.org.jikesrvm.basic.core.reflect.TestFieldReflection$TypeWithDifferentAccessModifiers.slong = 12
OK: static double test.org.jikesrvm.basic.core.reflect.TestFieldReflection$TypeWithDifferentAccessModifiers.sdouble = 12.0
OK: static short test.org.jikesrvm.basic.core.reflect.TestFieldReflection$TypeWithDifferentAccessModifiers.sshort = 12

** Current value of fields is **

0  byte test.org.jikesrvm.basic.core.reflect.TestFieldReflection$TypeWithDifferentAccessModifiers.mbyte = 12
1  float test.org.jikesrvm.basic.core.reflect.TestFieldReflection$TypeWithDifferentAccessModifiers.mfloat = 12.0
2  private boolean test.org.jikesrvm.basic.core.reflect.TestFieldReflection$TypeWithDifferentAccessModifiers.mboolean = <unknown> IllegalAccessException when getting field.
3  private double test.org.jikesrvm.basic.core.reflect.TestFieldReflection$TypeWithDifferentAccessModifiers.mdouble = <unknown> IllegalAccessException when getting field.
4  private static int test.org.jikesrvm.basic.core.reflect.TestFieldReflection$TypeWithDifferentAccessModifiers.sint = <unknown> IllegalAccessException when getting field.
5  protected long test.org.jikesrvm.basic.core.reflect.TestFieldReflection$TypeWithDifferentAccessModifiers.mlong = 12
6  protected short test.org.jikesrvm.basic.core.reflect.TestFieldReflection$TypeWithDifferentAccessModifiers.mshort = 12
7  protected static byte test.org.jikesrvm.basic.core.reflect.TestFieldReflection$TypeWithDifferentAccessModifiers.sbyte = 12
8  protected static float test.org.jikesrvm.basic.core.reflect.TestFieldReflection$TypeWithDifferentAccessModifiers.sfloat = 12.0
9  public int test.org.jikesrvm.basic.core.reflect.TestFieldReflection$TypeWithDifferentAccessModifiers.mint = 12
10  public static boolean test.org.jikesrvm.basic.core.reflect.TestFieldReflection$TypeWithDifferentAccessModifiers.sboolean = false
11  public static long test.org.jikesrvm.basic.core.reflect.TestFieldReflection$TypeWithDifferentAccessModifiers.slong = 12
12  static double test.org.jikesrvm.basic.core.reflect.TestFieldReflection$TypeWithDifferentAccessModifiers.sdouble = 12.0
13  static short test.org.jikesrvm.basic.core.reflect.TestFieldReflection$TypeWithDifferentAccessModifiers.sshort = 12

** Set shorts to 2 **

ERR: byte test.org.jikesrvm.basic.core.reflect.TestFieldReflection$TypeWithDifferentAccessModifiers.mbyte due to java.lang.IllegalArgumentException
OK: float test.org.jikesrvm.basic.core.reflect.TestFieldReflection$TypeWithDifferentAccessModifiers.mfloat = 2.0
ERR: private boolean test.org.jikesrvm.basic.core.reflect.TestFieldReflection$TypeWithDifferentAccessModifiers.mboolean due to java.lang.IllegalAccessException
ERR: private double test.org.jikesrvm.basic.core.reflect.TestFieldReflection$TypeWithDifferentAccessModifiers.mdouble due to java.lang.IllegalAccessException
ERR: private static int test.org.jikesrvm.basic.core.reflect.TestFieldReflection$TypeWithDifferentAccessModifiers.sint due to java.lang.IllegalAccessException
OK: protected long test.org.jikesrvm.basic.core.reflect.TestFieldReflection$TypeWithDifferentAccessModifiers.mlong = 2
OK: protected short test.org.jikesrvm.basic.core.reflect.TestFieldReflection$TypeWithDifferentAccessModifiers.mshort = 2
ERR: protected static byte test.org.jikesrvm.basic.core.reflect.TestFieldReflection$TypeWithDifferentAccessModifiers.sbyte due to java.lang.IllegalArgumentException
OK: protected static float test.org.jikesrvm.basic.core.reflect.TestFieldReflection$TypeWithDifferentAccessModifiers.sfloat = 2.0
OK: public int test.org.jikesrvm.basic.core.reflect.TestFieldReflection$TypeWithDifferentAccessModifiers.mint = 2
ERR: public static boolean test.org.jikesrvm.basic.core.reflect.TestFieldReflection$TypeWithDifferentAccessModifiers.sboolean due to java.lang.IllegalArgumentException
OK: public static long test.org.jikesrvm.basic.core.reflect.TestFieldReflection$TypeWithDifferentAccessModifiers.slong = 2
OK: static double test.org.jikesrvm.basic.core.reflect.TestFieldReflection$TypeWithDifferentAccessModifiers.sdouble = 2.0
OK: static short test.org.jikesrvm.basic.core.reflect.TestFieldReflection$TypeWithDifferentAccessModifiers.sshort = 2

** Current value of fields is **

0  byte test.org.jikesrvm.basic.core.reflect.TestFieldReflection$TypeWithDifferentAccessModifiers.mbyte = 12
1  float test.org.jikesrvm.basic.core.reflect.TestFieldReflection$TypeWithDifferentAccessModifiers.mfloat = 2.0
2  private boolean test.org.jikesrvm.basic.core.reflect.TestFieldReflection$TypeWithDifferentAccessModifiers.mboolean = <unknown> IllegalAccessException when getting field.
3  private double test.org.jikesrvm.basic.core.reflect.TestFieldReflection$TypeWithDifferentAccessModifiers.mdouble = <unknown> IllegalAccessException when getting field.
4  private static int test.org.jikesrvm.basic.core.reflect.TestFieldReflection$TypeWithDifferentAccessModifiers.sint = <unknown> IllegalAccessException when getting field.
5  protected long test.org.jikesrvm.basic.core.reflect.TestFieldReflection$TypeWithDifferentAccessModifiers.mlong = 2
6  protected short test.org.jikesrvm.basic.core.reflect.TestFieldReflection$TypeWithDifferentAccessModifiers.mshort = 2
7  protected static byte test.org.jikesrvm.basic.core.reflect.TestFieldReflection$TypeWithDifferentAccessModifiers.sbyte = 12
8  protected static float test.org.jikesrvm.basic.core.reflect.TestFieldReflection$TypeWithDifferentAccessModifiers.sfloat = 2.0
9  public int test.org.jikesrvm.basic.core.reflect.TestFieldReflection$TypeWithDifferentAccessModifiers.mint = 2
10  public static boolean test.org.jikesrvm.basic.core.reflect.TestFieldReflection$TypeWithDifferentAccessModifiers.sboolean = false
11  public static long test.org.jikesrvm.basic.core.reflect.TestFieldReflection$TypeWithDifferentAccessModifiers.slong = 2
12  static double test.org.jikesrvm.basic.core.reflect.TestFieldReflection$TypeWithDifferentAccessModifiers.sdouble = 2.0
13  static short test.org.jikesrvm.basic.core.reflect.TestFieldReflection$TypeWithDifferentAccessModifiers.sshort = 2

** Set ints to 3 **

ERR: byte test.org.jikesrvm.basic.core.reflect.TestFieldReflection$TypeWithDifferentAccessModifiers.mbyte due to java.lang.IllegalArgumentException
OK: float test.org.jikesrvm.basic.core.reflect.TestFieldReflection$TypeWithDifferentAccessModifiers.mfloat = 3.0
ERR: private boolean test.org.jikesrvm.basic.core.reflect.TestFieldReflection$TypeWithDifferentAccessModifiers.mboolean due to java.lang.IllegalAccessException
ERR: private double test.org.jikesrvm.basic.core.reflect.TestFieldReflection$TypeWithDifferentAccessModifiers.mdouble due to java.lang.IllegalAccessException
ERR: private static int test.org.jikesrvm.basic.core.reflect.TestFieldReflection$TypeWithDifferentAccessModifiers.sint due to java.lang.IllegalAccessException
OK: protected long test.org.jikesrvm.basic.core.reflect.TestFieldReflection$TypeWithDifferentAccessModifiers.mlong = 3
ERR: protected short test.org.jikesrvm.basic.core.reflect.TestFieldReflection$TypeWithDifferentAccessModifiers.mshort due to java.lang.IllegalArgumentException
ERR: protected static byte test.org.jikesrvm.basic.core.reflect.TestFieldReflection$TypeWithDifferentAccessModifiers.sbyte due to java.lang.IllegalArgumentException
OK: protected static float test.org.jikesrvm.basic.core.reflect.TestFieldReflection$TypeWithDifferentAccessModifiers.sfloat = 3.0
OK: public int test.org.jikesrvm.basic.core.reflect.TestFieldReflection$TypeWithDifferentAccessModifiers.mint = 3
ERR: public static boolean test.org.jikesrvm.basic.core.reflect.TestFieldReflection$TypeWithDifferentAccessModifiers.sboolean due to java.lang.IllegalArgumentException
OK: public static long test.org.jikesrvm.basic.core.reflect.TestFieldReflection$TypeWithDifferentAccessModifiers.slong = 3
OK: static double test.org.jikesrvm.basic.core.reflect.TestFieldReflection$TypeWithDifferentAccessModifiers.sdouble = 3.0
ERR: static short test.org.jikesrvm.basic.core.reflect.TestFieldReflection$TypeWithDifferentAccessModifiers.sshort due to java.lang.IllegalArgumentException

** Current value of fields is **

0  byte test.org.jikesrvm.basic.core.reflect.TestFieldReflection$TypeWithDifferentAccessModifiers.mbyte = 12
1  float test.org.jikesrvm.basic.core.reflect.TestFieldReflection$TypeWithDifferentAccessModifiers.mfloat = 3.0
2  private boolean test.org.jikesrvm.basic.core.reflect.TestFieldReflection$TypeWithDifferentAccessModifiers.mboolean = <unknown> IllegalAccessException when getting field.
3  private double test.org.jikesrvm.basic.core.reflect.TestFieldReflection$TypeWithDifferentAccessModifiers.mdouble = <unknown> IllegalAccessException when getting field.
4  private static int test.org.jikesrvm.basic.core.reflect.TestFieldReflection$TypeWithDifferentAccessModifiers.sint = <unknown> IllegalAccessException when getting field.
5  protected long test.org.jikesrvm.basic.core.reflect.TestFieldReflection$TypeWithDifferentAccessModifiers.mlong = 3
6  protected short test.org.jikesrvm.basic.core.reflect.TestFieldReflection$TypeWithDifferentAccessModifiers.mshort = 2
7  protected static byte test.org.jikesrvm.basic.core.reflect.TestFieldReflection$TypeWithDifferentAccessModifiers.sbyte = 12
8  protected static float test.org.jikesrvm.basic.core.reflect.TestFieldReflection$TypeWithDifferentAccessModifiers.sfloat = 3.0
9  public int test.org.jikesrvm.basic.core.reflect.TestFieldReflection$TypeWithDifferentAccessModifiers.mint = 3
10  public static boolean test.org.jikesrvm.basic.core.reflect.TestFieldReflection$TypeWithDifferentAccessModifiers.sboolean = false
11  public static long test.org.jikesrvm.basic.core.reflect.TestFieldReflection$TypeWithDifferentAccessModifiers.slong = 3
12  static double test.org.jikesrvm.basic.core.reflect.TestFieldReflection$TypeWithDifferentAccessModifiers.sdouble = 3.0
13  static short test.org.jikesrvm.basic.core.reflect.TestFieldReflection$TypeWithDifferentAccessModifiers.sshort = 2

** Set longs to 4 **

ERR: byte test.org.jikesrvm.basic.core.reflect.TestFieldReflection$TypeWithDifferentAccessModifiers.mbyte due to java.lang.IllegalArgumentException
OK: float test.org.jikesrvm.basic.core.reflect.TestFieldReflection$TypeWithDifferentAccessModifiers.mfloat = 4.0
ERR: private boolean test.org.jikesrvm.basic.core.reflect.TestFieldReflection$TypeWithDifferentAccessModifiers.mboolean due to java.lang.IllegalAccessException
ERR: private double test.org.jikesrvm.basic.core.reflect.TestFieldReflection$TypeWithDifferentAccessModifiers.mdouble due to java.lang.IllegalAccessException
ERR: private static int test.org.jikesrvm.basic.core.reflect.TestFieldReflection$TypeWithDifferentAccessModifiers.sint due to java.lang.IllegalAccessException
OK: protected long test.org.jikesrvm.basic.core.reflect.TestFieldReflection$TypeWithDifferentAccessModifiers.mlong = 4
ERR: protected short test.org.jikesrvm.basic.core.reflect.TestFieldReflection$TypeWithDifferentAccessModifiers.mshort due to java.lang.IllegalArgumentException
ERR: protected static byte test.org.jikesrvm.basic.core.reflect.TestFieldReflection$TypeWithDifferentAccessModifiers.sbyte due to java.lang.IllegalArgumentException
OK: protected static float test.org.jikesrvm.basic.core.reflect.TestFieldReflection$TypeWithDifferentAccessModifiers.sfloat = 4.0
ERR: public int test.org.jikesrvm.basic.core.reflect.TestFieldReflection$TypeWithDifferentAccessModifiers.mint due to java.lang.IllegalArgumentException
ERR: public static boolean test.org.jikesrvm.basic.core.reflect.TestFieldReflection$TypeWithDifferentAccessModifiers.sboolean due to java.lang.IllegalArgumentException
OK: public static long test.org.jikesrvm.basic.core.reflect.TestFieldReflection$TypeWithDifferentAccessModifiers.slong = 4
OK: static double test.org.jikesrvm.basic.core.reflect.TestFieldReflection$TypeWithDifferentAccessModifiers.sdouble = 4.0
ERR: static short test.org.jikesrvm.basic.core.reflect.TestFieldReflection$TypeWithDifferentAccessModifiers.sshort due to java.lang.IllegalArgumentException

** Current value of fields is **

0  byte test.org.jikesrvm.basic.core.reflect.TestFieldReflection$TypeWithDifferentAccessModifiers.mbyte = 12
1  float test.org.jikesrvm.basic.core.reflect.TestFieldReflection$TypeWithDifferentAccessModifiers.mfloat = 4.0
2  private boolean test.org.jikesrvm.basic.core.reflect.TestFieldReflection$TypeWithDifferentAccessModifiers.mboolean = <unknown> IllegalAccessException when getting field.
3  private double test.org.jikesrvm.basic.core.reflect.TestFieldReflection$TypeWithDifferentAccessModifiers.mdouble = <unknown> IllegalAccessException when getting field.
4  private static int test.org.jikesrvm.basic.core.reflect.TestFieldReflection$TypeWithDifferentAccessModifiers.sint = <unknown> IllegalAccessException when getting field.
5  protected long test.org.jikesrvm.basic.core.reflect.TestFieldReflection$TypeWithDifferentAccessModifiers.mlong = 4
6  protected short test.org.jikesrvm.basic.core.reflect.TestFieldReflection$TypeWithDifferentAccessModifiers.mshort = 2
7  protected static byte test.org.jikesrvm.basic.core.reflect.TestFieldReflection$TypeWithDifferentAccessModifiers.sbyte = 12
8  protected static float test.org.jikesrvm.basic.core.reflect.TestFieldReflection$TypeWithDifferentAccessModifiers.sfloat = 4.0
9  public int test.org.jikesrvm.basic.core.reflect.TestFieldReflection$TypeWithDifferentAccessModifiers.mint = 3
10  public static boolean test.org.jikesrvm.basic.core.reflect.TestFieldReflection$TypeWithDifferentAccessModifiers.sboolean = false
11  public static long test.org.jikesrvm.basic.core.reflect.TestFieldReflection$TypeWithDifferentAccessModifiers.slong = 4
12  static double test.org.jikesrvm.basic.core.reflect.TestFieldReflection$TypeWithDifferentAccessModifiers.sdouble = 4.0
13  static short test.org.jikesrvm.basic.core.reflect.TestFieldReflection$TypeWithDifferentAccessModifiers.sshort = 2

** Set floats to 5 **

ERR: byte test.org.jikesrvm.basic.core.reflect.TestFieldReflection$TypeWithDifferentAccessModifiers.mbyte due to java.lang.IllegalArgumentException
OK: float test.org.jikesrvm.basic.core.reflect.TestFieldReflection$TypeWithDifferentAccessModifiers.mfloat = 5.0
ERR: private boolean test.org.jikesrvm.basic.core.reflect.TestFieldReflection$TypeWithDifferentAccessModifiers.mboolean due to java.lang.IllegalAccessException
ERR: private double test.org.jikesrvm.basic.core.reflect.TestFieldReflection$TypeWithDifferentAccessModifiers.mdouble due to java.lang.IllegalAccessException
ERR: private static int test.org.jikesrvm.basic.core.reflect.TestFieldReflection$TypeWithDifferentAccessModifiers.sint due to java.lang.IllegalAccessException
ERR: protected long test.org.jikesrvm.basic.core.reflect.TestFieldReflection$TypeWithDifferentAccessModifiers.mlong due to java.lang.IllegalArgumentException
ERR: protected short test.org.jikesrvm.basic.core.reflect.TestFieldReflection$TypeWithDifferentAccessModifiers.mshort due to java.lang.IllegalArgumentException
ERR: protected static byte test.org.jikesrvm.basic.core.reflect.TestFieldReflection$TypeWithDifferentAccessModifiers.sbyte due to java.lang.IllegalArgumentException
OK: protected static float test.org.jikesrvm.basic.core.reflect.TestFieldReflection$TypeWithDifferentAccessModifiers.sfloat = 5.0
ERR: public int test.org.jikesrvm.basic.core.reflect.TestFieldReflection$TypeWithDifferentAccessModifiers.mint due to java.lang.IllegalArgumentException
ERR: public static boolean test.org.jikesrvm.basic.core.reflect.TestFieldReflection$TypeWithDifferentAccessModifiers.sboolean due to java.lang.IllegalArgumentException
ERR: public static long test.org.jikesrvm.basic.core.reflect.TestFieldReflection$TypeWithDifferentAccessModifiers.slong due to java.lang.IllegalArgumentException
OK: static double test.org.jikesrvm.basic.core.reflect.TestFieldReflection$TypeWithDifferentAccessModifiers.sdouble = 5.0
ERR: static short test.org.jikesrvm.basic.core.reflect.TestFieldReflection$TypeWithDifferentAccessModifiers.sshort due to java.lang.IllegalArgumentException

** Current value of fields is **

0  byte test.org.jikesrvm.basic.core.reflect.TestFieldReflection$TypeWithDifferentAccessModifiers.mbyte = 12
1  float test.org.jikesrvm.basic.core.reflect.TestFieldReflection$TypeWithDifferentAccessModifiers.mfloat = 5.0
2  private boolean test.org.jikesrvm.basic.core.reflect.TestFieldReflection$TypeWithDifferentAccessModifiers.mboolean = <unknown> IllegalAccessException when getting field.
3  private double test.org.jikesrvm.basic.core.reflect.TestFieldReflection$TypeWithDifferentAccessModifiers.mdouble = <unknown> IllegalAccessException when getting field.
4  private static int test.org.jikesrvm.basic.core.reflect.TestFieldReflection$TypeWithDifferentAccessModifiers.sint = <unknown> IllegalAccessException when getting field.
5  protected long test.org.jikesrvm.basic.core.reflect.TestFieldReflection$TypeWithDifferentAccessModifiers.mlong = 4
6  protected short test.org.jikesrvm.basic.core.reflect.TestFieldReflection$TypeWithDifferentAccessModifiers.mshort = 2
7  protected static byte test.org.jikesrvm.basic.core.reflect.TestFieldReflection$TypeWithDifferentAccessModifiers.sbyte = 12
8  protected static float test.org.jikesrvm.basic.core.reflect.TestFieldReflection$TypeWithDifferentAccessModifiers.sfloat = 5.0
9  public int test.org.jikesrvm.basic.core.reflect.TestFieldReflection$TypeWithDifferentAccessModifiers.mint = 3
10  public static boolean test.org.jikesrvm.basic.core.reflect.TestFieldReflection$TypeWithDifferentAccessModifiers.sboolean = false
11  public static long test.org.jikesrvm.basic.core.reflect.TestFieldReflection$TypeWithDifferentAccessModifiers.slong = 4
12  static double test.org.jikesrvm.basic.core.reflect.TestFieldReflection$TypeWithDifferentAccessModifiers.sdouble = 5.0
13  static short test.org.jikesrvm.basic.core.reflect.TestFieldReflection$TypeWithDifferentAccessModifiers.sshort = 2

** Set doubles to 6.0 **

ERR: byte test.org.jikesrvm.basic.core.reflect.TestFieldReflection$TypeWithDifferentAccessModifiers.mbyte due to java.lang.IllegalArgumentException
ERR: float test.org.jikesrvm.basic.core.reflect.TestFieldReflection$TypeWithDifferentAccessModifiers.mfloat due to java.lang.IllegalArgumentException
ERR: private boolean test.org.jikesrvm.basic.core.reflect.TestFieldReflection$TypeWithDifferentAccessModifiers.mboolean due to java.lang.IllegalAccessException
ERR: private double test.org.jikesrvm.basic.core.reflect.TestFieldReflection$TypeWithDifferentAccessModifiers.mdouble due to java.lang.IllegalAccessException
ERR: private static int test.org.jikesrvm.basic.core.reflect.TestFieldReflection$TypeWithDifferentAccessModifiers.sint due to java.lang.IllegalAccessException
ERR: protected long test.org.jikesrvm.basic.core.reflect.TestFieldReflection$TypeWithDifferentAccessModifiers.mlong due to java.lang.IllegalArgumentException
ERR: protected short test.org.jikesrvm.basic.core.reflect.TestFieldReflection$TypeWithDifferentAccessModifiers.mshort due to java.lang.IllegalArgumentException
ERR: protected static byte test.org.jikesrvm.basic.core.reflect.TestFieldReflection$TypeWithDifferentAccessModifiers.sbyte due to java.lang.IllegalArgumentException
ERR: protected static float test.org.jikesrvm.basic.core.reflect.TestFieldReflection$TypeWithDifferentAccessModifiers.sfloat due to java.lang.IllegalArgumentException
ERR: public int test.org.jikesrvm.basic.core.reflect.TestFieldReflection$TypeWithDifferentAccessModifiers.mint due to java.lang.IllegalArgumentException
ERR: public static boolean test.org.jikesrvm.basic.core.reflect.TestFieldReflection$TypeWithDifferentAccessModifiers.sboolean due to java.lang.IllegalArgumentException
ERR: public static long test.org.jikesrvm.basic.core.reflect.TestFieldReflection$TypeWithDifferentAccessModifiers.slong due to java.lang.IllegalArgumentException
OK: static double test.org.jikesrvm.basic.core.reflect.TestFieldReflection$TypeWithDifferentAccessModifiers.sdouble = 6.0
ERR: static short test.org.jikesrvm.basic.core.reflect.TestFieldReflection$TypeWithDifferentAccessModifiers.sshort due to java.lang.IllegalArgumentException

** Current value of fields is **

0  byte test.org.jikesrvm.basic.core.reflect.TestFieldReflection$TypeWithDifferentAccessModifiers.mbyte = 12
1  float test.org.jikesrvm.basic.core.reflect.TestFieldReflection$TypeWithDifferentAccessModifiers.mfloat = 5.0
2  private boolean test.org.jikesrvm.basic.core.reflect.TestFieldReflection$TypeWithDifferentAccessModifiers.mboolean = <unknown> IllegalAccessException when getting field.
3  private double test.org.jikesrvm.basic.core.reflect.TestFieldReflection$TypeWithDifferentAccessModifiers.mdouble = <unknown> IllegalAccessException when getting field.
4  private static int test.org.jikesrvm.basic.core.reflect.TestFieldReflection$TypeWithDifferentAccessModifiers.sint = <unknown> IllegalAccessException when getting field.
5  protected long test.org.jikesrvm.basic.core.reflect.TestFieldReflection$TypeWithDifferentAccessModifiers.mlong = 4
6  protected short test.org.jikesrvm.basic.core.reflect.TestFieldReflection$TypeWithDifferentAccessModifiers.mshort = 2
7  protected static byte test.org.jikesrvm.basic.core.reflect.TestFieldReflection$TypeWithDifferentAccessModifiers.sbyte = 12
8  protected static float test.org.jikesrvm.basic.core.reflect.TestFieldReflection$TypeWithDifferentAccessModifiers.sfloat = 5.0
9  public int test.org.jikesrvm.basic.core.reflect.TestFieldReflection$TypeWithDifferentAccessModifiers.mint = 3
10  public static boolean test.org.jikesrvm.basic.core.reflect.TestFieldReflection$TypeWithDifferentAccessModifiers.sboolean = false
11  public static long test.org.jikesrvm.basic.core.reflect.TestFieldReflection$TypeWithDifferentAccessModifiers.slong = 4
12  static double test.org.jikesrvm.basic.core.reflect.TestFieldReflection$TypeWithDifferentAccessModifiers.sdouble = 6.0
13  static short test.org.jikesrvm.basic.core.reflect.TestFieldReflection$TypeWithDifferentAccessModifiers.sshort = 2
